Component: ARM Compiler 5.06 update 5 (build 528) Tool: armlink [4d35e2]

==============================================================================

Section Cross References

    startup_stm32f407xx.o(RESET) refers to startup_stm32f407xx.o(STACK) for __initial_sp
    startup_stm32f407xx.o(RESET) refers to startup_stm32f407xx.o(.text) for Reset_Handler
    startup_stm32f407xx.o(RESET) refers to stm32f4xx_it.o(i.NMI_Handler) for NMI_Handler
    startup_stm32f407xx.o(RESET) refers to stm32f4xx_it.o(i.HardFault_Handler) for HardFault_Handler
    startup_stm32f407xx.o(RESET) refers to stm32f4xx_it.o(i.MemManage_Handler) for MemManage_Handler
    startup_stm32f407xx.o(RESET) refers to stm32f4xx_it.o(i.BusFault_Handler) for BusFault_Handler
    startup_stm32f407xx.o(RESET) refers to stm32f4xx_it.o(i.UsageFault_Handler) for UsageFault_Handler
    startup_stm32f407xx.o(RESET) refers to stm32f4xx_it.o(i.SVC_Handler) for SVC_Handler
    startup_stm32f407xx.o(RESET) refers to stm32f4xx_it.o(i.DebugMon_Handler) for DebugMon_Handler
    startup_stm32f407xx.o(RESET) refers to stm32f4xx_it.o(i.PendSV_Handler) for PendSV_Handler
    startup_stm32f407xx.o(RESET) refers to stm32f4xx_it.o(i.SysTick_Handler) for SysTick_Handler
    startup_stm32f407xx.o(RESET) refers to stm32f4xx_it.o(i.USART3_IRQHandler) for USART3_IRQHandler
    startup_stm32f407xx.o(.text) refers to system_stm32f4xx.o(i.SystemInit) for SystemInit
    startup_stm32f407xx.o(.text) refers to entry.o(.ARM.Collect$$$$00000000) for __main
    main.o(i.HAL_UART_RxCpltCallback) refers to memcpya.o(.text) for __aeabi_memcpy
    main.o(i.HAL_UART_RxCpltCallback) refers to stm32f4xx_hal_usart.o(i.HAL_USART_Receive_IT) for HAL_USART_Receive_IT
    main.o(i.HAL_UART_RxCpltCallback) refers to usart.o(.bss) for husart3
    main.o(i.HAL_UART_RxCpltCallback) refers to main.o(.bss) for .bss
    main.o(i.HAL_UART_RxCpltCallback) refers to main.o(.data) for .data
    main.o(i.HAL_UART_RxCpltCallback) refers to mpu.o(.data) for Receive_ok
    main.o(i.HAL_UART_RxCpltCallback) refers to mpu.o(.bss) for usart_rx_data
    main.o(i.SystemClock_Config) refers to memseta.o(.text) for __aeabi_memclr4
    main.o(i.SystemClock_Config) refers to stm32f4xx_hal_rcc.o(i.HAL_RCC_OscConfig) for HAL_RCC_OscConfig
    main.o(i.SystemClock_Config) refers to stm32f4xx_hal_rcc.o(i.HAL_RCC_ClockConfig) for HAL_RCC_ClockConfig
    main.o(i.main) refers to stm32f4xx_hal.o(i.HAL_Init) for HAL_Init
    main.o(i.main) refers to main.o(i.SystemClock_Config) for SystemClock_Config
    main.o(i.main) refers to gpio.o(i.MX_GPIO_Init) for MX_GPIO_Init
    main.o(i.main) refers to i2c.o(i.MX_I2C2_Init) for MX_I2C2_Init
    main.o(i.main) refers to i2c.o(i.MX_I2C3_Init) for MX_I2C3_Init
    main.o(i.main) refers to tim.o(i.MX_TIM1_Init) for MX_TIM1_Init
    main.o(i.main) refers to tim.o(i.MX_TIM2_Init) for MX_TIM2_Init
    main.o(i.main) refers to tim.o(i.MX_TIM3_Init) for MX_TIM3_Init
    main.o(i.main) refers to tim.o(i.MX_TIM4_Init) for MX_TIM4_Init
    main.o(i.main) refers to tim.o(i.MX_TIM5_Init) for MX_TIM5_Init
    main.o(i.main) refers to tim.o(i.MX_TIM9_Init) for MX_TIM9_Init
    main.o(i.main) refers to tim.o(i.MX_TIM12_Init) for MX_TIM12_Init
    main.o(i.main) refers to tim.o(i.MX_TIM13_Init) for MX_TIM13_Init
    main.o(i.main) refers to tim.o(i.MX_TIM14_Init) for MX_TIM14_Init
    main.o(i.main) refers to usart.o(i.MX_USART1_UART_Init) for MX_USART1_UART_Init
    main.o(i.main) refers to usart.o(i.MX_USART3_Init) for MX_USART3_Init
    main.o(i.main) refers to usart.o(i.MX_USART6_Init) for MX_USART6_Init
    main.o(i.main) refers to motor.o(i.motor_init) for motor_init
    main.o(i.main) refers to servo.o(i.servo_init) for servo_init
    main.o(i.main) refers to stm32f4xx_hal_usart.o(i.HAL_USART_Receive_IT) for HAL_USART_Receive_IT
    main.o(i.main) refers to mpu.o(i.get_data) for get_data
    main.o(i.main) refers to stm32f4xx_hal.o(i.HAL_Delay) for HAL_Delay
    main.o(i.main) refers to mpu.o(.bss) for usart_rx_data
    main.o(i.main) refers to usart.o(.bss) for husart3
    main.o(i.main) refers to mpu.o(.bss) for my_95Q
    gpio.o(i.MX_GPIO_Init) refers to memseta.o(.text) for __aeabi_memclr4
    gpio.o(i.MX_GPIO_Init) refers to stm32f4xx_hal_gpio.o(i.HAL_GPIO_WritePin) for HAL_GPIO_WritePin
    gpio.o(i.MX_GPIO_Init) refers to stm32f4xx_hal_gpio.o(i.HAL_GPIO_Init) for HAL_GPIO_Init
    i2c.o(i.HAL_I2C_MspDeInit) refers to stm32f4xx_hal_gpio.o(i.HAL_GPIO_DeInit) for HAL_GPIO_DeInit
    i2c.o(i.HAL_I2C_MspInit) refers to memseta.o(.text) for __aeabi_memclr4
    i2c.o(i.HAL_I2C_MspInit) refers to stm32f4xx_hal_gpio.o(i.HAL_GPIO_Init) for HAL_GPIO_Init
    i2c.o(i.MX_I2C2_Init) refers to stm32f4xx_hal_i2c.o(i.HAL_I2C_Init) for HAL_I2C_Init
    i2c.o(i.MX_I2C2_Init) refers to main.o(i.Error_Handler) for Error_Handler
    i2c.o(i.MX_I2C2_Init) refers to i2c.o(.bss) for .bss
    i2c.o(i.MX_I2C3_Init) refers to stm32f4xx_hal_i2c.o(i.HAL_I2C_Init) for HAL_I2C_Init
[...]
    Removing stm32f4xx_hal_tim.o(i.HAL_TIM_OnePulse_Start_IT), (132 bytes).
    Removing stm32f4xx_hal_tim.o(i.HAL_TIM_OnePulse_Stop), (112 bytes).
    Removing stm32f4xx_hal_tim.o(i.HAL_TIM_OnePulse_Stop_IT), (132 bytes).
    Removing stm32f4xx_hal_tim.o(i.HAL_TIM_PWM_DeInit), (92 bytes).
    Removing stm32f4xx_hal_tim.o(i.HAL_TIM_PWM_GetState), (6 bytes).
    Removing stm32f4xx_hal_tim.o(i.HAL_TIM_PWM_MspDeInit), (2 bytes).
    Removing stm32f4xx_hal_tim.o(i.HAL_TIM_PWM_MspInit), (2 bytes).
    Removing stm32f4xx_hal_tim.o(i.HAL_TIM_PWM_PulseFinishedCallback), (2 bytes).
    Removing stm32f4xx_hal_tim.o(i.HAL_TIM_PWM_PulseFinishedHalfCpltCallback), (2 bytes).
    Removing stm32f4xx_hal_tim.o(i.HAL_TIM_PWM_Start_DMA), (448 bytes).
    Removing stm32f4xx_hal_tim.o(i.HAL_TIM_PWM_Start_IT), (244 bytes).
    Removing stm32f4xx_hal_tim.o(i.HAL_TIM_PWM_Stop), (124 bytes).
    Removing stm32f4xx_hal_tim.o(i.HAL_TIM_PWM_Stop_DMA), (204 bytes).
    Removing stm32f4xx_hal_tim.o(i.HAL_TIM_PWM_Stop_IT), (188 bytes).
    Removing stm32f4xx_hal_tim.o(i.HAL_TIM_PeriodElapsedCallback), (2 bytes).
    Removing stm32f4xx_hal_tim.o(i.HAL_TIM_PeriodElapsedHalfCpltCallback), (2 bytes).
    Removing stm32f4xx_hal_tim.o(i.HAL_TIM_ReadCapturedValue), (42 bytes).
    Removing stm32f4xx_hal_tim.o(i.HAL_TIM_SlaveConfigSynchro), (86 bytes).
    Removing stm32f4xx_hal_tim.o(i.HAL_TIM_SlaveConfigSynchro_IT), (86 bytes).
    Removing stm32f4xx_hal_tim.o(i.HAL_TIM_TriggerCallback), (2 bytes).
    Removing stm32f4xx_hal_tim.o(i.HAL_TIM_TriggerHalfCpltCallback), (2 bytes).
    Removing stm32f4xx_hal_tim.o(i.TIM_DMACaptureCplt), (110 bytes).
    Removing stm32f4xx_hal_tim.o(i.TIM_DMACaptureHalfCplt), (56 bytes).
    Removing stm32f4xx_hal_tim.o(i.TIM_DMADelayPulseCplt), (94 bytes).
    Removing stm32f4xx_hal_tim.o(i.TIM_DMADelayPulseHalfCplt), (56 bytes).
    Removing stm32f4xx_hal_tim.o(i.TIM_DMAError), (84 bytes).
    Removing stm32f4xx_hal_tim.o(i.TIM_DMAPeriodElapsedCplt), (22 bytes).
    Removing stm32f4xx_hal_tim.o(i.TIM_DMAPeriodElapsedHalfCplt), (10 bytes).
    Removing stm32f4xx_hal_tim.o(i.TIM_DMATriggerCplt), (22 bytes).
    Removing stm32f4xx_hal_tim.o(i.TIM_DMATriggerHalfCplt), (10 bytes).
    Removing stm32f4xx_hal_tim.o(i.TIM_ETR_SetConfig), (20 bytes).
    Removing stm32f4xx_hal_tim.o(i.TIM_ITRx_SetConfig), (16 bytes).
    Removing stm32f4xx_hal_tim.o(i.TIM_SlaveTimer_SetConfig), (140 bytes).
    Removing stm32f4xx_hal_tim.o(i.TIM_TI1_ConfigInputStage), (34 bytes).
    Removing stm32f4xx_hal_tim.o(i.TIM_TI1_SetConfig), (128 bytes).
    Removing stm32f4xx_hal_tim.o(i.TIM_TI2_ConfigInputStage), (36 bytes).
    Removing stm32f4xx_hal_tim.o(i.TIM_TI2_SetConfig), (54 bytes).
    Removing stm32f4xx_hal_tim_ex.o(.rev16_text), (4 bytes).
    Removing stm32f4xx_hal_tim_ex.o(.revsh_text), (4 bytes).
    Removing stm32f4xx_hal_tim_ex.o(.rrx_text), (6 bytes).
    Removing stm32f4xx_hal_tim_ex.o(i.HAL_TIMEx_BreakCallback), (2 bytes).
    Removing stm32f4xx_hal_tim_ex.o(i.HAL_TIMEx_CommutCallback), (2 bytes).
    Removing stm32f4xx_hal_tim_ex.o(i.HAL_TIMEx_CommutHalfCpltCallback), (2 bytes).
    Removing stm32f4xx_hal_tim_ex.o(i.HAL_TIMEx_ConfigBreakDeadTime), (84 bytes).
    Removing stm32f4xx_hal_tim_ex.o(i.HAL_TIMEx_ConfigCommutEvent), (112 bytes).
    Removing stm32f4xx_hal_tim_ex.o(i.HAL_TIMEx_ConfigCommutEvent_DMA), (144 bytes).
    Removing stm32f4xx_hal_tim_ex.o(i.HAL_TIMEx_ConfigCommutEvent_IT), (112 bytes).
    Removing stm32f4xx_hal_tim_ex.o(i.HAL_TIMEx_GetChannelNState), (34 bytes).
    Removing stm32f4xx_hal_tim_ex.o(i.HAL_TIMEx_HallSensor_DeInit), (76 bytes).
    Removing stm32f4xx_hal_tim_ex.o(i.HAL_TIMEx_HallSensor_GetState), (6 bytes).
    Removing stm32f4xx_hal_tim_ex.o(i.HAL_TIMEx_HallSensor_Init), (208 bytes).
    Removing stm32f4xx_hal_tim_ex.o(i.HAL_TIMEx_HallSensor_MspDeInit), (2 bytes).
    Removing stm32f4xx_hal_tim_ex.o(i.HAL_TIMEx_HallSensor_MspInit), (2 bytes).
    Removing stm32f4xx_hal_tim_ex.o(i.HAL_TIMEx_HallSensor_Start), (168 bytes).
    Removing stm32f4xx_hal_tim_ex.o(i.HAL_TIMEx_HallSensor_Start_DMA), (224 bytes).
    Removing stm32f4xx_hal_tim_ex.o(i.HAL_TIMEx_HallSensor_Start_IT), (180 bytes).
    Removing stm32f4xx_hal_tim_ex.o(i.HAL_TIMEx_HallSensor_Stop), (58 bytes).
    Removing stm32f4xx_hal_tim_ex.o(i.HAL_TIMEx_HallSensor_Stop_DMA), (70 bytes).
    Removing stm32f4xx_hal_tim_ex.o(i.HAL_TIMEx_HallSensor_Stop_IT), (68 bytes).
    Removing stm32f4xx_hal_tim_ex.o(i.HAL_TIMEx_OCN_Start), (192 bytes).
    Removing stm32f4xx_hal_tim_ex.o(i.HAL_TIMEx_OCN_Start_DMA), (392 bytes).
    Removing stm32f4xx_hal_tim_ex.o(i.HAL_TIMEx_OCN_Start_IT), (232 bytes).
    Removing stm32f4xx_hal_tim_ex.o(i.HAL_TIMEx_OCN_Stop), (104 bytes).
    Removing stm32f4xx_hal_tim_ex.o(i.HAL_TIMEx_OCN_Stop_DMA), (168 bytes).
    Removing stm32f4xx_hal_tim_ex.o(i.HAL_TIMEx_OCN_Stop_IT), (170 bytes).
    Removing stm32f4xx_hal_tim_ex.o(i.HAL_TIMEx_OnePulseN_Start), (100 bytes).
    Removing stm32f4xx_hal_tim_ex.o(i.HAL_TIMEx_OnePulseN_Start_IT), (120 bytes).
    Removing stm32f4xx_hal_tim_ex.o(i.HAL_TIMEx_OnePulseN_Stop), (98 bytes).
    Removing stm32f4xx_hal_tim_ex.o(i.HAL_TIMEx_OnePulseN_Stop_IT), (120 bytes).
    Removing stm32f4xx_hal_tim_ex.o(i.HAL_TIMEx_PWMN_Start), (192 bytes).
    Removing stm32f4xx_hal_tim_ex.o(i.HAL_TIMEx_PWMN_Start_DMA), (392 bytes).
    Removing stm32f4xx_hal_tim_ex.o(i.HAL_TIMEx_PWMN_Start_IT), (232 bytes).
    Removing stm32f4xx_hal_tim_ex.o(i.HAL_TIMEx_PWMN_Stop), (104 bytes).
    Removing stm32f4xx_hal_tim_ex.o(i.HAL_TIMEx_PWMN_Stop_DMA), (168 bytes).
    Removing stm32f4xx_hal_tim_ex.o(i.HAL_TIMEx_PWMN_Stop_IT), (170 bytes).
    Removing stm32f4xx_hal_tim_ex.o(i.HAL_TIMEx_RemapConfig), (28 bytes).
    Removing stm32f4xx_hal_tim_ex.o(i.TIMEx_DMACommutationCplt), (16 bytes).
    Removing stm32f4xx_hal_tim_ex.o(i.TIMEx_DMACommutationHalfCplt), (16 bytes).
    Removing stm32f4xx_hal_tim_ex.o(i.TIM_CCxNChannelCmd), (26 bytes).
    Removing stm32f4xx_hal_tim_ex.o(i.TIM_DMADelayPulseNCplt), (74 bytes).
    Removing stm32f4xx_hal_tim_ex.o(i.TIM_DMAErrorCCxN), (62 bytes).
    Removing stm32f4xx_hal_uart.o(.rev16_text), (4 bytes).
    Removing stm32f4xx_hal_uart.o(.revsh_text), (4 bytes).
    Removing stm32f4xx_hal_uart.o(.rrx_text), (6 bytes).
    Removing stm32f4xx_hal_uart.o(i.HAL_HalfDuplex_EnableReceiver), (50 bytes).
    Removing stm32f4xx_hal_uart.o(i.HAL_HalfDuplex_EnableTransmitter), (50 bytes).
    Removing stm32f4xx_hal_uart.o(i.HAL_HalfDuplex_Init), (110 bytes).
    Removing stm32f4xx_hal_uart.o(i.HAL_LIN_Init), (130 bytes).
    Removing stm32f4xx_hal_uart.o(i.HAL_LIN_SendBreak), (60 bytes).
    Removing stm32f4xx_hal_uart.o(i.HAL_MultiProcessor_EnterMuteMode), (62 bytes).
    Removing stm32f4xx_hal_uart.o(i.HAL_MultiProcessor_ExitMuteMode), (62 bytes).
    Removing stm32f4xx_hal_uart.o(i.HAL_MultiProcessor_Init), (144 bytes).
    Removing stm32f4xx_hal_uart.o(i.HAL_UARTEx_GetRxEventType), (4 bytes).
    Removing stm32f4xx_hal_uart.o(i.HAL_UARTEx_ReceiveToIdle), (240 bytes).
    Removing stm32f4xx_hal_uart.o(i.HAL_UARTEx_ReceiveToIdle_DMA), (78 bytes).
    Removing stm32f4xx_hal_uart.o(i.HAL_UARTEx_ReceiveToIdle_IT), (78 bytes).
    Removing stm32f4xx_hal_uart.o(i.HAL_UARTEx_RxEventCallback), (2 bytes).
    Removing stm32f4xx_hal_uart.o(i.HAL_UART_Abort), (210 bytes).
    Removing stm32f4xx_hal_uart.o(i.HAL_UART_AbortCpltCallback), (2 bytes).
    Removing stm32f4xx_hal_uart.o(i.HAL_UART_AbortReceive), (148 bytes).
    Removing stm32f4xx_hal_uart.o(i.HAL_UART_AbortReceiveCpltCallback), (2 bytes).
    Removing stm32f4xx_hal_uart.o(i.HAL_UART_AbortReceive_IT), (152 bytes).
    Removing stm32f4xx_hal_uart.o(i.HAL_UART_AbortTransmit), (98 bytes).
    Removing stm32f4xx_hal_uart.o(i.HAL_UART_AbortTransmitCpltCallback), (2 bytes).
    Removing stm32f4xx_hal_uart.o(i.HAL_UART_AbortTransmit_IT), (104 bytes).
    Removing stm32f4xx_hal_uart.o(i.HAL_UART_Abort_IT), (244 bytes).
    Removing stm32f4xx_hal_uart.o(i.HAL_UART_DMAPause), (120 bytes).
    Removing stm32f4xx_hal_uart.o(i.HAL_UART_DMAResume), (114 bytes).
    Removing stm32f4xx_hal_uart.o(i.HAL_UART_DMAStop), (112 bytes).
    Removing stm32f4xx_hal_uart.o(i.HAL_UART_DeInit), (54 bytes).
    Removing stm32f4xx_hal_uart.o(i.HAL_UART_ErrorCallback), (2 bytes).
    Removing stm32f4xx_hal_uart.o(i.HAL_UART_GetError), (4 bytes).
    Removing stm32f4xx_hal_uart.o(i.HAL_UART_GetState), (10 bytes).
    Removing stm32f4xx_hal_uart.o(i.HAL_UART_IRQHandler), (624 bytes).
    Removing stm32f4xx_hal_uart.o(i.HAL_UART_MspDeInit), (2 bytes).
    Removing stm32f4xx_hal_uart.o(i.HAL_UART_MspInit), (2 bytes).
    Removing stm32f4xx_hal_uart.o(i.HAL_UART_Receive), (176 bytes).
    Removing stm32f4xx_hal_uart.o(i.HAL_UART_Receive_DMA), (28 bytes).
    Removing stm32f4xx_hal_uart.o(i.HAL_UART_Receive_IT), (28 bytes).
    Removing stm32f4xx_hal_uart.o(i.HAL_UART_RxCpltCallback), (2 bytes).
    Removing stm32f4xx_hal_uart.o(i.HAL_UART_RxHalfCpltCallback), (2 bytes).
    Removing stm32f4xx_hal_uart.o(i.HAL_UART_Transmit_DMA), (120 bytes).
    Removing stm32f4xx_hal_uart.o(i.HAL_UART_Transmit_IT), (50 bytes).
    Removing stm32f4xx_hal_uart.o(i.HAL_UART_TxCpltCallback), (2 bytes).
    Removing stm32f4xx_hal_uart.o(i.HAL_UART_TxHalfCpltCallback), (2 bytes).
    Removing stm32f4xx_hal_uart.o(i.UART_DMAAbortOnError), (16 bytes).
    Removing stm32f4xx_hal_uart.o(i.UART_DMAError), (74 bytes).
    Removing stm32f4xx_hal_uart.o(i.UART_DMAReceiveCplt), (134 bytes).
    Removing stm32f4xx_hal_uart.o(i.UART_DMARxAbortCallback), (44 bytes).
    Removing stm32f4xx_hal_uart.o(i.UART_DMARxHalfCplt), (30 bytes).
    Removing stm32f4xx_hal_uart.o(i.UART_DMARxOnlyAbortCallback), (22 bytes).
    Removing stm32f4xx_hal_uart.o(i.UART_DMATransmitCplt), (66 bytes).
    Removing stm32f4xx_hal_uart.o(i.UART_DMATxAbortCallback), (44 bytes).
    Removing stm32f4xx_hal_uart.o(i.UART_DMATxHalfCplt), (10 bytes).
    Removing stm32f4xx_hal_uart.o(i.UART_DMATxOnlyAbortCallback), (20 bytes).
    Removing stm32f4xx_hal_uart.o(i.UART_EndRxTransfer), (78 bytes).
    Removing stm32f4xx_hal_uart.o(i.UART_EndTxTransfer), (28 bytes).
    Removing stm32f4xx_hal_uart.o(i.UART_Receive_IT), (194 bytes).
    Removing stm32f4xx_hal_uart.o(i.UART_Start_Receive_DMA), (144 bytes).
    Removing stm32f4xx_hal_uart.o(i.UART_Start_Receive_IT), (54 bytes).
    Removing stm32f4xx_hal_uart.o(i.UART_WaitOnFlagUntilTimeout), (114 bytes).
    Removing stm32f4xx_hal_uart.o(i.f), (160 bytes).
    Removing stm32f4xx_hal_usart.o(.rev16_text), (4 bytes).
    Removing stm32f4xx_hal_usart.o(.revsh_text), (4 bytes).
    Removing stm32f4xx_hal_usart.o(.rrx_text), (6 bytes).
    Removing stm32f4xx_hal_usart.o(i.HAL_USART_Abort), (100 bytes).
    Removing stm32f4xx_hal_usart.o(i.HAL_USART_AbortCpltCallback), (2 bytes).
    Removing stm32f4xx_hal_usart.o(i.HAL_USART_Abort_IT), (168 bytes).
    Removing stm32f4xx_hal_usart.o(i.HAL_USART_DMAPause), (38 bytes).
    Removing stm32f4xx_hal_usart.o(i.HAL_USART_DMAResume), (38 bytes).
    Removing stm32f4xx_hal_usart.o(i.HAL_USART_DMAStop), (92 bytes).
    Removing stm32f4xx_hal_usart.o(i.HAL_USART_DeInit), (46 bytes).
    Removing stm32f4xx_hal_usart.o(i.HAL_USART_GetError), (4 bytes).
    Removing stm32f4xx_hal_usart.o(i.HAL_USART_GetState), (6 bytes).
    Removing stm32f4xx_hal_usart.o(i.HAL_USART_MspDeInit), (2 bytes).
    Removing stm32f4xx_hal_usart.o(i.HAL_USART_MspInit), (2 bytes).
    Removing stm32f4xx_hal_usart.o(i.HAL_USART_Receive), (212 bytes).
    Removing stm32f4xx_hal_usart.o(i.HAL_USART_Receive_DMA), (200 bytes).
    Removing stm32f4xx_hal_usart.o(i.HAL_USART_RxHalfCpltCallback), (2 bytes).
    Removing stm32f4xx_hal_usart.o(i.HAL_USART_Transmit), (176 bytes).
    Removing stm32f4xx_hal_usart.o(i.HAL_USART_TransmitReceive), (300 bytes).
    Removing stm32f4xx_hal_usart.o(i.HAL_USART_TransmitReceive_DMA), (220 bytes).
    Removing stm32f4xx_hal_usart.o(i.HAL_USART_TransmitReceive_IT), (106 bytes).
    Removing stm32f4xx_hal_usart.o(i.HAL_USART_Transmit_DMA), (128 bytes).
    Removing stm32f4xx_hal_usart.o(i.HAL_USART_Transmit_IT), (62 bytes).
    Removing stm32f4xx_hal_usart.o(i.HAL_USART_TxHalfCpltCallback), (2 bytes).
    Removing stm32f4xx_hal_usart.o(i.USART_DMAError), (80 bytes).
    Removing stm32f4xx_hal_usart.o(i.USART_DMAReceiveCplt), (106 bytes).
    Removing stm32f4xx_hal_usart.o(i.USART_DMARxAbortCallback), (38 bytes).
    Removing stm32f4xx_hal_usart.o(i.USART_DMARxHalfCplt), (10 bytes).
    Removing stm32f4xx_hal_usart.o(i.USART_DMATransmitCplt), (62 bytes).
    Removing stm32f4xx_hal_usart.o(i.USART_DMATxAbortCallback), (38 bytes).
    Removing stm32f4xx_hal_usart.o(i.USART_DMATxHalfCplt), (10 bytes).
    Removing stm32f4xx_hal_usart.o(i.USART_EndTxTransfer), (18 bytes).
    Removing stm32f4xx_hal_usart.o(i.USART_WaitOnFlagUntilTimeout), (116 bytes).
    Removing system_stm32f4xx.o(.rev16_text), (4 bytes).
    Removing system_stm32f4xx.o(.revsh_text), (4 bytes).
    Removing system_stm32f4xx.o(.rrx_text), (6 bytes).
    Removing system_stm32f4xx.o(i.SystemCoreClockUpdate), (124 bytes).
    Removing motor.o(.rev16_text), (4 bytes).
    Removing motor.o(.revsh_text), (4 bytes).
    Removing motor.o(.rrx_text), (6 bytes).
    Removing motor.o(i.go_forward), (10 bytes).
    Removing motor.o(i.motor_set_speed), (252 bytes).
    Removing servo.o(.rev16_text), (4 bytes).
    Removing servo.o(.revsh_text), (4 bytes).
    Removing servo.o(.rrx_text), (6 bytes).
    Removing servo.o(i.body_down), (2 bytes).
    Removing servo.o(i.body_up), (2 bytes).
    Removing servo.o(i.servo_hands), (48 bytes).
    Removing servo.o(i.servo_head), (32 bytes).
    Removing mpu.o(.rev16_text), (4 bytes).
    Removing mpu.o(.revsh_text), (4 bytes).
    Removing mpu.o(.rrx_text), (6 bytes).
    Removing mpu.o(i.send_command), (44 bytes).
    Removing grayscale_traces.o(.rev16_text), (4 bytes).
    Removing grayscale_traces.o(.revsh_text), (4 bytes).
    Removing grayscale_traces.o(.rrx_text), (6 bytes).
    Removing grayscale_traces.o(i.Grayscale_Read), (140 bytes).
    Removing grayscale_traces.o(.data), (36 bytes).
    Removing voice.o(.rev16_text), (4 bytes).
    Removing voice.o(.revsh_text), (4 bytes).
    Removing voice.o(.rrx_text), (6 bytes).
    Removing voice.o(i.sound_init), (92 bytes).
    Removing voice.o(i.sound_play), (732 bytes).

565 unused section(s) (total 49072 bytes) removed from the image.

==============================================================================

Image Symbol Table

    Local Symbols

    Symbol Name                              Value     Ov Type        Size  Object(Section)

    ../Core/Src/gpio.c                       0x00000000   Number         0  gpio.o ABSOLUTE
    ../Core/Src/i2c.c                        0x00000000   Number         0  i2c.o ABSOLUTE
    ../Core/Src/main.c                       0x00000000   Number         0  main.o ABSOLUTE
    ../Core/Src/stm32f4xx_hal_msp.c          0x00000000   Number         0  stm32f4xx_hal_msp.o ABSOLUTE
    ../Core/Src/stm32f4xx_it.c               0x00000000   Number         0  stm32f4xx_it.o ABSOLUTE
    ../Core/Src/system_stm32f4xx.c           0x00000000   Number         0  system_stm32f4xx.o ABSOLUTE
    ../Core/Src/tim.c                        0x00000000   Number         0  tim.o ABSOLUTE
    ../Core/Src/usart.c                      0x00000000   Number         0  usart.o ABSOLUTE
    ../Drivers/STM32F4xx_HAL_Driver/Src/stm32f4xx_hal.c 0x00000000   Number         0  stm32f4xx_hal.o ABSOLUTE
    ../Drivers/STM32F4xx_HAL_Driver/Src/stm32f4xx_hal_cortex.c 0x00000000   Number         0  stm32f4xx_hal_cortex.o ABSOLUTE
    ../Drivers/STM32F4xx_HAL_Driver/Src/stm32f4xx_hal_dma.c 0x00000000   Number         0  stm32f4xx_hal_dma.o ABSOLUTE
    ../Drivers/STM32F4xx_HAL_Driver/Src/stm32f4xx_hal_dma_ex.c 0x00000000   Number         0  stm32f4xx_hal_dma_ex.o ABSOLUTE
    ../Drivers/STM32F4xx_HAL_Driver/Src/stm32f4xx_hal_exti.c 0x00000000   Number         0  stm32f4xx_hal_exti.o ABSOLUTE
    ../Drivers/STM32F4xx_HAL_Driver/Src/stm32f4xx_hal_flash.c 0x00000000   Number         0  stm32f4xx_hal_flash.o ABSOLUTE
    ../Drivers/STM32F4xx_HAL_Driver/Src/stm32f4xx_hal_flash_ex.c 0x00000000   Number         0  stm32f4xx_hal_flash_ex.o ABSOLUTE
    ../Drivers/STM32F4xx_HAL_Driver/Src/stm32f4xx_hal_flash_ramfunc.c 0x00000000   Number         0  stm32f4xx_hal_flash_ramfunc.o ABSOLUTE
    ../Drivers/STM32F4xx_HAL_Driver/Src/stm32f4xx_hal_gpio.c 0x00000000   Number         0  stm32f4xx_hal_gpio.o ABSOLUTE
    ../Drivers/STM32F4xx_HAL_Driver/Src/stm32f4xx_hal_i2c.c 0x00000000   Number         0  stm32f4xx_hal_i2c.o ABSOLUTE
    ../Drivers/STM32F4xx_HAL_Driver/Src/stm32f4xx_hal_i2c_ex.c 0x00000000   Number         0  stm32f4xx_hal_i2c_ex.o ABSOLUTE
    ../Drivers/STM32F4xx_HAL_Driver/Src/stm32f4xx_hal_pwr.c 0x00000000   Number         0  stm32f4xx_hal_pwr.o ABSOLUTE
    ../Drivers/STM32F4xx_HAL_Driver/Src/stm32f4xx_hal_pwr_ex.c 0x00000000   Number         0  stm32f4xx_hal_pwr_ex.o ABSOLUTE
    ../Drivers/STM32F4xx_HAL_Driver/Src/stm32f4xx_hal_rcc.c 0x00000000   Number         0  stm32f4xx_hal_rcc.o ABSOLUTE
    ../Drivers/STM32F4xx_HAL_Driver/Src/stm32f4xx_hal_rcc_ex.c 0x00000000   Number         0  stm32f4xx_hal_rcc_ex.o ABSOLUTE
    ../Drivers/STM32F4xx_HAL_Driver/Src/stm32f4xx_hal_tim.c 0x00000000   Number         0  stm32f4xx_hal_tim.o ABSOLUTE
    ../Drivers/STM32F4xx_HAL_Driver/Src/stm32f4xx_hal_tim_ex.c 0x00000000   Number         0  stm32f4xx_hal_tim_ex.o ABSOLUTE
    ../Drivers/STM32F4xx_HAL_Driver/Src/stm32f4xx_hal_uart.c 0x00000000   Number         0  stm32f4xx_hal_uart.o ABSOLUTE
    ../Drivers/STM32F4xx_HAL_Driver/Src/stm32f4xx_hal_usart.c 0x00000000   Number         0  stm32f4xx_hal_usart.o ABSOLUTE
    ../clib/microlib/division.c              0x00000000   Number         0  uidiv.o ABSOLUTE
    ../clib/microlib/division.c              0x00000000   Number         0  uldiv.o ABSOLUTE
    ../clib/microlib/init/entry.s            0x00000000   Number         0  entry7b.o ABSOLUTE
    ../clib/microlib/init/entry.s            0x00000000   Number         0  entry7a.o ABSOLUTE
    ../clib/microlib/init/entry.s            0x00000000   Number         0  entry5.o ABSOLUTE
    ../clib/microlib/init/entry.s            0x00000000   Number         0  entry9a.o ABSOLUTE
    ../clib/microlib/init/entry.s            0x00000000   Number         0  entry2.o ABSOLUTE
    ../clib/microlib/init/entry.s            0x00000000   Number         0  entry9b.o ABSOLUTE
    ../clib/microlib/init/entry.s            0x00000000   Number         0  entry10a.o ABSOLUTE
    ../clib/microlib/init/entry.s            0x00000000   Number         0  entry11a.o ABSOLUTE
    ../clib/microlib/init/entry.s            0x00000000   Number         0  entry8a.o ABSOLUTE
    ../clib/microlib/init/entry.s            0x00000000   Number         0  entry.o ABSOLUTE
    ../clib/microlib/init/entry.s            0x00000000   Number         0  entry11b.o ABSOLUTE
    ../clib/microlib/init/entry.s            0x00000000   Number         0  entry10b.o ABSOLUTE
    ../clib/microlib/init/entry.s            0x00000000   Number         0  entry8b.o ABSOLUTE
    ../clib/microlib/longlong.c              0x00000000   Number         0  llshl.o ABSOLUTE
    ../clib/microlib/longlong.c              0x00000000   Number         0  llsshr.o ABSOLUTE
    ../clib/microlib/longlong.c              0x00000000   Number         0  llushr.o ABSOLUTE
    ../clib/microlib/printf/printf.c         0x00000000   Number         0  printf7.o ABSOLUTE
    ../clib/microlib/printf/printf.c         0x00000000   Number         0  printf6.o ABSOLUTE
    ../clib/microlib/printf/printf.c         0x00000000   Number         0  printf5.o ABSOLUTE
    ../clib/microlib/printf/printf.c         0x00000000   Number         0  printf3.o ABSOLUTE
    ../clib/microlib/printf/printf.c         0x00000000   Number         0  printf4.o ABSOLUTE
    ../clib/microlib/printf/printf.c         0x00000000   Number         0  printf8.o ABSOLUTE
    ../clib/microlib/printf/printf.c         0x00000000   Number         0  printf2.o ABSOLUTE
    ../clib/microlib/printf/printf.c         0x00000000   Number         0  printf1.o ABSOLUTE
    ../clib/microlib/printf/printf.c         0x00000000   Number         0  printf0.o ABSOLUTE
    ../clib/microlib/printf/printf.c         0x00000000   Number         0  printfa.o ABSOLUTE
    ../clib/microlib/printf/printf.c         0x00000000   Number         0  printfb.o ABSOLUTE
    ../clib/microlib/printf/stubs.s          0x00000000   Number         0  stubs.o ABSOLUTE
    ../clib/microlib/stdio/fputc.c           0x00000000   Number         0  fputc.o ABSOLUTE
    ../clib/microlib/stdio/semi.s            0x00000000   Number         0  semi.o ABSOLUTE
    ../clib/microlib/stdio/streams.c         0x00000000   Number         0  stdout.o ABSOLUTE
    ../clib/microlib/string/memcpy.c         0x00000000   Number         0  memcpya.o ABSOLUTE
    ../clib/microlib/string/memcpy.c         0x00000000   Number         0  memcpyb.o ABSOLUTE
    ../clib/microlib/string/memset.c         0x00000000   Number         0  memseta.o ABSOLUTE
    ../clib/microlib/stubs.s                 0x00000000   Number         0  iusefp.o ABSOLUTE
    ../clib/microlib/stubs.s                 0x00000000   Number         0  iusesemip.o ABSOLUTE
    ../fplib/microlib/f2d.c                  0x00000000   Number         0  f2d.o ABSOLUTE
    ../fplib/microlib/fpadd.c                0x00000000   Number         0  dadd.o ABSOLUTE
    ../fplib/microlib/fpdiv.c                0x00000000   Number         0  ddiv.o ABSOLUTE
    ../fplib/microlib/fpepilogue.c           0x00000000   Number         0  depilogue.o ABSOLUTE
    ../fplib/microlib/fpfix.c                0x00000000   Number         0  dfixul.o ABSOLUTE
    ../fplib/microlib/fpflt.c                0x00000000   Number         0  dfltui.o ABSOLUTE
    ../fplib/microlib/fpmul.c                0x00000000   Number         0  dmul.o ABSOLUTE
    ..\Core\Src\gpio.c                       0x00000000   Number         0  gpio.o ABSOLUTE
    ..\Core\Src\i2c.c                        0x00000000   Number         0  i2c.o ABSOLUTE
    ..\Core\Src\main.c                       0x00000000   Number         0  main.o ABSOLUTE
    ..\Core\Src\stm32f4xx_hal_msp.c          0x00000000   Number         0  stm32f4xx_hal_msp.o ABSOLUTE
    ..\Core\Src\stm32f4xx_it.c               0x00000000   Number         0  stm32f4xx_it.o ABSOLUTE
    ..\Core\Src\system_stm32f4xx.c           0x00000000   Number         0  system_stm32f4xx.o ABSOLUTE
    ..\Core\Src\tim.c                        0x00000000   Number         0  tim.o ABSOLUTE
    ..\Core\Src\usart.c                      0x00000000   Number         0  usart.o ABSOLUTE
    ..\Drivers\STM32F4xx_HAL_Driver\Src\stm32f4xx_hal.c 0x00000000   Number         0  stm32f4xx_hal.o ABSOLUTE
    ..\Drivers\STM32F4xx_HAL_Driver\Src\stm32f4xx_hal_cortex.c 0x00000000   Number         0  stm32f4xx_hal_cortex.o ABSOLUTE
    ..\Drivers\STM32F4xx_HAL_Driver\Src\stm32f4xx_hal_dma.c 0x00000000   Number         0  stm32f4xx_hal_dma.o ABSOLUTE
    ..\Drivers\STM32F4xx_HAL_Driver\Src\stm32f4xx_hal_dma_ex.c 0x00000000   Number         0  stm32f4xx_hal_dma_ex.o ABSOLUTE
    ..\Drivers\STM32F4xx_HAL_Driver\Src\stm32f4xx_hal_exti.c 0x00000000   Number         0  stm32f4xx_hal_exti.o ABSOLUTE
    ..\Drivers\STM32F4xx_HAL_Driver\Src\stm32f4xx_hal_flash.c 0x00000000   Number         0  stm32f4xx_hal_flash.o ABSOLUTE
    ..\Drivers\STM32F4xx_HAL_Driver\Src\stm32f4xx_hal_flash_ex.c 0x00000000   Number         0  stm32f4xx_hal_flash_ex.o ABSOLUTE
    ..\Drivers\STM32F4xx_HAL_Driver\Src\stm32f4xx_hal_flash_ramfunc.c 0x00000000   Number         0  stm32f4xx_hal_flash_ramfunc.o ABSOLUTE
    ..\Drivers\STM32F4xx_HAL_Driver\Src\stm32f4xx_hal_gpio.c 0x00000000   Number         0  stm32f4xx_hal_gpio.o ABSOLUTE
    ..\Drivers\STM32F4xx_HAL_Driver\Src\stm32f4xx_hal_i2c.c 0x00000000   Number         0  stm32f4xx_hal_i2c.o ABSOLUTE
    ..\Drivers\STM32F4xx_HAL_Driver\Src\stm32f4xx_hal_i2c_ex.c 0x00000000   Number         0  stm32f4xx_hal_i2c_ex.o ABSOLUTE
    ..\Drivers\STM32F4xx_HAL_Driver\Src\stm32f4xx_hal_pwr.c 0x00000000   Number         0  stm32f4xx_hal_pwr.o ABSOLUTE
    ..\Drivers\STM32F4xx_HAL_Driver\Src\stm32f4xx_hal_pwr_ex.c 0x00000000   Number         0  stm32f4xx_hal_pwr_ex.o ABSOLUTE
    ..\Drivers\STM32F4xx_HAL_Driver\Src\stm32f4xx_hal_rcc.c 0x00000000   Number         0  stm32f4xx_hal_rcc.o ABSOLUTE
    ..\Drivers\STM32F4xx_HAL_Driver\Src\stm32f4xx_hal_rcc_ex.c 0x00000000   Number         0  stm32f4xx_hal_rcc_ex.o ABSOLUTE
    ..\Drivers\STM32F4xx_HAL_Driver\Src\stm32f4xx_hal_tim.c 0x00000000   Number         0  stm32f4xx_hal_tim.o ABSOLUTE
    ..\Drivers\STM32F4xx_HAL_Driver\Src\stm32f4xx_hal_tim_ex.c 0x00000000   Number         0  stm32f4xx_hal_tim_ex.o ABSOLUTE
    ..\Drivers\STM32F4xx_HAL_Driver\Src\stm32f4xx_hal_uart.c 0x00000000   Number         0  stm32f4xx_hal_uart.o ABSOLUTE
    ..\Drivers\STM32F4xx_HAL_Driver\Src\stm32f4xx_hal_usart.c 0x00000000   Number         0  stm32f4xx_hal_usart.o ABSOLUTE
    ..\User\Motor\motor.c                    0x00000000   Number         0  motor.o ABSOLUTE
    ..\User\Motor\servo.c                    0x00000000   Number         0  servo.o ABSOLUTE
    ..\User\Mpu\mpu.c                        0x00000000   Number         0  mpu.o ABSOLUTE
    ..\User\Sensor\Color_scales.c            0x00000000   Number         0  color_scales.o ABSOLUTE
    ..\User\Sensor\Grayscale_traces.c        0x00000000   Number         0  grayscale_traces.o ABSOLUTE
    ..\User\Sensor\voice.c                   0x00000000   Number         0  voice.o ABSOLUTE
    ..\User\Task\chassis_task.c              0x00000000   Number         0  chassis_task.o ABSOLUTE
    ..\User\Task\gimbal_task.c               0x00000000   Number         0  gimbal_task.o ABSOLUTE
    ..\\User\\Motor\\motor.c                 0x00000000   Number         0  motor.o ABSOLUTE
    ..\\User\\Motor\\servo.c                 0x00000000   Number         0  servo.o ABSOLUTE
    ..\\User\\Mpu\\mpu.c                     0x00000000   Number         0  mpu.o ABSOLUTE
    ..\\User\\Sensor\\Grayscale_traces.c     0x00000000   Number         0  grayscale_traces.o ABSOLUTE
    ..\\User\\Sensor\\voice.c                0x00000000   Number         0  voice.o ABSOLUTE
    cdrcmple.s                               0x00000000   Number         0  cdrcmple.o ABSOLUTE
    dc.s                                     0x00000000   Number         0  dc.o ABSOLUTE
    handlers.s                               0x00000000   Number         0  handlers.o ABSOLUTE
    init.s                                   0x00000000   Number         0  init.o ABSOLUTE
    startup_stm32f407xx.s                    0x00000000   Number         0  startup_stm32f407xx.o ABSOLUTE
    RESET                                    0x08000000   Section      392  startup_stm32f407xx.o(RESET)
    .ARM.Collect$$$$00000000                 0x08000188   Section        0  entry.o(.ARM.Collect$$$$00000000)
    .ARM.Collect$$$$00000001                 0x08000188   Section        4  entry2.o(.ARM.Collect$$$$00000001)
    .ARM.Collect$$$$00000004                 0x0800018c   Section        4  entry5.o(.ARM.Collect$$$$00000004)
    .ARM.Collect$$$$00000008                 0x08000190   Section        0  entry7b.o(.ARM.Collect$$$$00000008)
    .ARM.Collect$$$$0000000A                 0x08000190   Section        0  entry8b.o(.ARM.Collect$$$$0000000A)
    .ARM.Collect$$$$0000000B                 0x08000190   Section        8  entry9a.o(.ARM.Collect$$$$0000000B)
    .ARM.Collect$$$$0000000D                 0x08000198   Section        0  entry10a.o(.ARM.Collect$$$$0000000D)
    .ARM.Collect$$$$0000000F                 0x08000198   Section        0  entry11a.o(.ARM.Collect$$$$0000000F)
    .ARM.Collect$$$$00002712                 0x08000198   Section        4  entry2.o(.ARM.Collect$$$$00002712)
    __lit__00000000                          0x08000198   Data           4  entry2.o(.ARM.Collect$$$$00002712)
    .text                                    0x0800019c   Section       36  startup_stm32f407xx.o(.text)
    $v0                                      0x0800019c   Number         0  startup_stm32f407xx.o(.text)
    .text                                    0x080001c0   Section        0  uldiv.o(.text)
    .text                                    0x08000222   Section        0  memcpya.o(.text)
    .text                                    0x08000246   Section        0  memseta.o(.text)
    .text                                    0x0800026a   Section        0  dfltui.o(.text)
    .text                                    0x08000284   Section        0  f2d.o(.text)
    .text                                    0x080002aa   Section        0  uidiv.o(.text)
    .text                                    0x080002d6   Section        0  llshl.o(.text)
    .text                                    0x080002f4   Section        0  llushr.o(.text)
    .text                                    0x08000314   Section        0  depilogue.o(.text)
    .text                                    0x08000314   Section        0  iusefp.o(.text)
    .text                                    0x080003ce   Section        0  dadd.o(.text)
    .text                                    0x0800051c   Section        0  dmul.o(.text)
    .text                                    0x08000600   Section        0  ddiv.o(.text)
    .text                                    0x080006de   Section        0  dfixul.o(.text)
    .text                                    0x08000710   Section       48  cdrcmple.o(.text)
    .text                                    0x08000740   Section       36  init.o(.text)
    .text                                    0x08000764   Section        0  semi.o(.text)
    .text                                    0x08000764   Section        0  llsshr.o(.text)
    .text                                    0x08000788   Section        0  iusesemip.o(.text)
    i.BusFault_Handler                       0x08000788   Section        0  stm32f4xx_it.o(i.BusFault_Handler)
    i.DebugMon_Handler                       0x0800078a   Section        0  stm32f4xx_it.o(i.DebugMon_Handler)
    i.Error_Handler                          0x0800078c   Section        0  main.o(i.Error_Handler)
    i.HAL_DMA_Abort_IT                       0x08000790   Section        0  stm32f4xx_hal_dma.o(i.HAL_DMA_Abort_IT)
    i.HAL_Delay                              0x080007b4   Section        0  stm32f4xx_hal.o(i.HAL_Delay)
    i.HAL_GPIO_Init                          0x080007d8   Section        0  stm32f4xx_hal_gpio.o(i.HAL_GPIO_Init)
    i.HAL_GPIO_WritePin                      0x080009c8   Section        0  stm32f4xx_hal_gpio.o(i.HAL_GPIO_WritePin)
    i.HAL_GetTick                            0x080009d4   Section        0  stm32f4xx_hal.o(i.HAL_GetTick)
    i.HAL_I2C_Init                           0x080009e0   Section        0  stm32f4xx_hal_i2c.o(i.HAL_I2C_Init)
    i.HAL_I2C_MspInit                        0x08000b68   Section        0  i2c.o(i.HAL_I2C_MspInit)
    i.HAL_IncTick                            0x08000c50   Section        0  stm32f4xx_hal.o(i.HAL_IncTick)
    i.HAL_Init                               0x08000c60   Section        0  stm32f4xx_hal.o(i.HAL_Init)
    i.HAL_InitTick                           0x08000c94   Section        0  stm32f4xx_hal.o(i.HAL_InitTick)
    i.HAL_MspInit                            0x08000cd4   Section        0  stm32f4xx_hal_msp.o(i.HAL_MspInit)
    i.HAL_NVIC_EnableIRQ                     0x08000d04   Section        0  stm32f4xx_hal_cortex.o(i.HAL_NVIC_EnableIRQ)
    i.HAL_NVIC_SetPriority                   0x08000d20   Section        0  stm32f4xx_hal_cortex.o(i.HAL_NVIC_SetPriority)
    i.HAL_NVIC_SetPriorityGrouping           0x08000d60   Section        0  stm32f4xx_hal_cortex.o(i.HAL_NVIC_SetPriorityGrouping)
    i.HAL_RCC_ClockConfig                    0x08000d84   Section        0  stm32f4xx_hal_rcc.o(i.HAL_RCC_ClockConfig)
    i.HAL_RCC_GetPCLK1Freq                   0x08000eb8   Section        0  stm32f4xx_hal_rcc.o(i.HAL_RCC_GetPCLK1Freq)
    i.HAL_RCC_GetPCLK2Freq                   0x08000ed8   Section        0  stm32f4xx_hal_rcc.o(i.HAL_RCC_GetPCLK2Freq)
    i.HAL_RCC_GetSysClockFreq                0x08000ef8   Section        0  stm32f4xx_hal_rcc.o(i.HAL_RCC_GetSysClockFreq)
    i.HAL_RCC_OscConfig                      0x08000f5c   Section        0  stm32f4xx_hal_rcc.o(i.HAL_RCC_OscConfig)
    i.HAL_SYSTICK_Config                     0x080012c8   Section        0  stm32f4xx_hal_cortex.o(i.HAL_SYSTICK_Config)
    i.HAL_TIMEx_MasterConfigSynchronization  0x080012f0   Section        0  stm32f4xx_hal_tim_ex.o(i.HAL_TIMEx_MasterConfigSynchronization)
    i.HAL_TIM_Base_Init                      0x08001380   Section        0  stm32f4xx_hal_tim.o(i.HAL_TIM_Base_Init)
    i.HAL_TIM_Base_MspInit                   0x080013dc   Section        0  tim.o(i.HAL_TIM_Base_MspInit)
    i.HAL_TIM_Encoder_Init                   0x0800141c   Section        0  stm32f4xx_hal_tim.o(i.HAL_TIM_Encoder_Init)
    i.HAL_TIM_Encoder_MspInit                0x080014c0   Section        0  tim.o(i.HAL_TIM_Encoder_MspInit)
    i.HAL_TIM_MspPostInit                    0x080015f0   Section        0  tim.o(i.HAL_TIM_MspPostInit)
    i.HAL_TIM_PWM_ConfigChannel              0x080016e8   Section        0  stm32f4xx_hal_tim.o(i.HAL_TIM_PWM_ConfigChannel)
    i.HAL_TIM_PWM_Init                       0x080017b4   Section        0  stm32f4xx_hal_tim.o(i.HAL_TIM_PWM_Init)
    i.HAL_TIM_PWM_MspInit                    0x08001810   Section        0  tim.o(i.HAL_TIM_PWM_MspInit)
    i.HAL_TIM_PWM_Start                      0x08001868   Section        0  stm32f4xx_hal_tim.o(i.HAL_TIM_PWM_Start)
    i.HAL_UART_Init                          0x08001930   Section        0  stm32f4xx_hal_uart.o(i.HAL_UART_Init)
    i.HAL_UART_MspInit                       0x08001994   Section        0  usart.o(i.HAL_UART_MspInit)
    i.HAL_USART_ErrorCallback                0x08001a00   Section        0  stm32f4xx_hal_usart.o(i.HAL_USART_ErrorCallback)
    i.HAL_USART_IRQHandler                   0x08001a04   Section        0  stm32f4xx_hal_usart.o(i.HAL_USART_IRQHandler)
    i.HAL_USART_Init                         0x08001b94   Section        0  stm32f4xx_hal_usart.o(i.HAL_USART_Init)
    i.HAL_USART_MspInit                      0x08001be8   Section        0  usart.o(i.HAL_USART_MspInit)
    i.HAL_USART_Receive_IT                   0x08001cd8   Section        0  stm32f4xx_hal_usart.o(i.HAL_USART_Receive_IT)
    i.HAL_USART_RxCpltCallback               0x08001d34   Section        0  stm32f4xx_hal_usart.o(i.HAL_USART_RxCpltCallback)
    i.HAL_USART_TxCpltCallback               0x08001d36   Section        0  stm32f4xx_hal_usart.o(i.HAL_USART_TxCpltCallback)
    i.HAL_USART_TxRxCpltCallback             0x08001d38   Section        0  stm32f4xx_hal_usart.o(i.HAL_USART_TxRxCpltCallback)
    i.HardFault_Handler                      0x08001d3a   Section        0  stm32f4xx_it.o(i.HardFault_Handler)
    i.MX_GPIO_Init                           0x08001d3c   Section        0  gpio.o(i.MX_GPIO_Init)
    i.MX_I2C2_Init                           0x08001ef4   Section        0  i2c.o(i.MX_I2C2_Init)
    i.MX_I2C3_Init                           0x08001f34   Section        0  i2c.o(i.MX_I2C3_Init)
    i.MX_TIM12_Init                          0x08001f74   Section        0  tim.o(i.MX_TIM12_Init)
    i.MX_TIM13_Init                          0x08001fe0   Section        0  tim.o(i.MX_TIM13_Init)
    i.MX_TIM14_Init                          0x08002044   Section        0  tim.o(i.MX_TIM14_Init)
    i.MX_TIM1_Init                           0x080020a8   Section        0  tim.o(i.MX_TIM1_Init)
    i.MX_TIM2_Init                           0x08002114   Section        0  tim.o(i.MX_TIM2_Init)
    i.MX_TIM3_Init                           0x080021a0   Section        0  tim.o(i.MX_TIM3_Init)
    i.MX_TIM4_Init                           0x08002208   Section        0  tim.o(i.MX_TIM4_Init)
    i.MX_TIM5_Init                           0x08002270   Section        0  tim.o(i.MX_TIM5_Init)
    i.MX_TIM9_Init                           0x080022d8   Section        0  tim.o(i.MX_TIM9_Init)
    i.MX_USART1_UART_Init                    0x08002344   Section        0  usart.o(i.MX_USART1_UART_Init)
    i.MX_USART3_Init                         0x0800237c   Section        0  usart.o(i.MX_USART3_Init)
    i.MX_USART6_Init                         0x080023b8   Section        0  usart.o(i.MX_USART6_Init)
    i.MemManage_Handler                      0x080023f4   Section        0  stm32f4xx_it.o(i.MemManage_Handler)
    i.NMI_Handler                            0x080023f6   Section        0  stm32f4xx_it.o(i.NMI_Handler)
    i.PendSV_Handler                         0x080023f8   Section        0  stm32f4xx_it.o(i.PendSV_Handler)
    i.SVC_Handler                            0x080023fa   Section        0  stm32f4xx_it.o(i.SVC_Handler)
    i.SysTick_Handler                        0x080023fc   Section        0  stm32f4xx_it.o(i.SysTick_Handler)
    i.SystemClock_Config                     0x08002400   Section        0  main.o(i.SystemClock_Config)
    i.SystemInit                             0x08002494   Section        0  system_stm32f4xx.o(i.SystemInit)
    i.TIM_Base_SetConfig                     0x080024a4   Section        0  stm32f4xx_hal_tim.o(i.TIM_Base_SetConfig)
    i.TIM_CCxChannelCmd                      0x0800257c   Section        0  stm32f4xx_hal_tim.o(i.TIM_CCxChannelCmd)
    i.TIM_OC1_SetConfig                      0x08002598   Section        0  stm32f4xx_hal_tim.o(i.TIM_OC1_SetConfig)
    TIM_OC1_SetConfig                        0x08002599   Thumb Code    88  stm32f4xx_hal_tim.o(i.TIM_OC1_SetConfig)
    i.TIM_OC2_SetConfig                      0x080025f8   Section        0  stm32f4xx_hal_tim.o(i.TIM_OC2_SetConfig)
    i.TIM_OC3_SetConfig                      0x08002664   Section        0  stm32f4xx_hal_tim.o(i.TIM_OC3_SetConfig)
    TIM_OC3_SetConfig                        0x08002665   Thumb Code    96  stm32f4xx_hal_tim.o(i.TIM_OC3_SetConfig)
    i.TIM_OC4_SetConfig                      0x080026cc   Section        0  stm32f4xx_hal_tim.o(i.TIM_OC4_SetConfig)
    TIM_OC4_SetConfig                        0x080026cd   Thumb Code    70  stm32f4xx_hal_tim.o(i.TIM_OC4_SetConfig)
    i.UART_SetConfig                         0x0800271c   Section        0  stm32f4xx_hal_uart.o(i.UART_SetConfig)
    UART_SetConfig                           0x0800271d   Thumb Code   258  stm32f4xx_hal_uart.o(i.UART_SetConfig)
    i.USART3_IRQHandler                      0x08002828   Section        0  stm32f4xx_it.o(i.USART3_IRQHandler)
    i.USART_DMAAbortOnError                  0x08002834   Section        0  stm32f4xx_hal_usart.o(i.USART_DMAAbortOnError)
    USART_DMAAbortOnError                    0x08002835   Thumb Code    16  stm32f4xx_hal_usart.o(i.USART_DMAAbortOnError)
    i.USART_EndRxTransfer                    0x08002844   Section        0  stm32f4xx_hal_usart.o(i.USART_EndRxTransfer)
    USART_EndRxTransfer                      0x08002845   Thumb Code    28  stm32f4xx_hal_usart.o(i.USART_EndRxTransfer)
    i.USART_Receive_IT                       0x08002860   Section        0  stm32f4xx_hal_usart.o(i.USART_Receive_IT)
    USART_Receive_IT                         0x08002861   Thumb Code   144  stm32f4xx_hal_usart.o(i.USART_Receive_IT)
    i.USART_SetConfig                        0x080028f0   Section        0  stm32f4xx_hal_usart.o(i.USART_SetConfig)
    USART_SetConfig                          0x080028f1   Thumb Code   204  stm32f4xx_hal_usart.o(i.USART_SetConfig)
    i.USART_TransmitReceive_IT               0x080029c4   Section        0  stm32f4xx_hal_usart.o(i.USART_TransmitReceive_IT)
    USART_TransmitReceive_IT                 0x080029c5   Thumb Code   214  stm32f4xx_hal_usart.o(i.USART_TransmitReceive_IT)
    i.UsageFault_Handler                     0x08002a9a   Section        0  stm32f4xx_it.o(i.UsageFault_Handler)
    i.__0printf                              0x08002a9c   Section        0  printfa.o(i.__0printf)
    i.__NVIC_SetPriority                     0x08002abc   Section        0  stm32f4xx_hal_cortex.o(i.__NVIC_SetPriority)
    __NVIC_SetPriority                       0x08002abd   Thumb Code    32  stm32f4xx_hal_cortex.o(i.__NVIC_SetPriority)
    i.__scatterload_copy                     0x08002adc   Section       14  handlers.o(i.__scatterload_copy)
    i.__scatterload_null                     0x08002aea   Section        2  handlers.o(i.__scatterload_null)
    i.__scatterload_zeroinit                 0x08002aec   Section       14  handlers.o(i.__scatterload_zeroinit)
    i._fp_digits                             0x08002afc   Section        0  printfa.o(i._fp_digits)
    _fp_digits                               0x08002afd   Thumb Code   366  printfa.o(i._fp_digits)
    i._printf_core                           0x08002c80   Section        0  printfa.o(i._printf_core)
    _printf_core                             0x08002c81   Thumb Code  1744  printfa.o(i._printf_core)
    i._printf_post_padding                   0x0800335c   Section        0  printfa.o(i._printf_post_padding)
    _printf_post_padding                     0x0800335d   Thumb Code    36  printfa.o(i._printf_post_padding)
    i._printf_pre_padding                    0x08003380   Section        0  printfa.o(i._printf_pre_padding)
    _printf_pre_padding                      0x08003381   Thumb Code    46  printfa.o(i._printf_pre_padding)
    i.fputc                                  0x080033ae   Section        0  fputc.o(i.fputc)
    i.get_data                               0x080033c0   Section        0  mpu.o(i.get_data)
    i.main                                   0x08003540   Section        0  main.o(i.main)
    i.motor_init                             0x080035b4   Section        0  motor.o(i.motor_init)
    i.servo_init                             0x08003650   Section        0  servo.o(i.servo_init)
    .constdata                               0x0800368c   Section       16  system_stm32f4xx.o(.constdata)
    .constdata                               0x0800369c   Section        8  system_stm32f4xx.o(.constdata)
    .data                                    0x20000000   Section       12  stm32f4xx_hal.o(.data)
    .data                                    0x2000000c   Section        4  system_stm32f4xx.o(.data)
    .data                                    0x20000010   Section        1  mpu.o(.data)
    .data                                    0x20000014   Section        4  stdout.o(.data)
    .bss                                     0x20000018   Section      168  i2c.o(.bss)
    .bss                                     0x200000c0   Section      648  tim.o(.bss)
    .bss                                     0x20000348   Section      208  usart.o(.bss)
    .bss                                     0x20000418   Section       30  mpu.o(.bss)
    .bss                                     0x20000436   Section       21  mpu.o(.bss)
    STACK                                    0x20000450   Section     1024  startup_stm32f407xx.o(STACK)

    Global Symbols

    Symbol Name                              Value     Ov Type        Size  Object(Section)

    BuildAttributes$$THM_ISAv4$E$P$D$K$B$S$7EM$VFPi3$EXTD16$VFPS$VFMA$PE$A:L22UL41UL21$X:L11$S22US41US21$IEEE1$IW$USESV6$~STKCKD$USESV7$~SHL$OSPACE$ROPI$EBA8$MICROLIB$REQ8$PRES8$EABIv2 0x00000000   Number         0  anon$$obj.o ABSOLUTE
    __ARM_use_no_argv                        0x00000000   Number         0  main.o ABSOLUTE
    _printf_a                                0x00000000   Number         0  stubs.o ABSOLUTE
    _printf_c                                0x00000000   Number         0  stubs.o ABSOLUTE
    _printf_charcount                        0x00000000   Number         0  stubs.o ABSOLUTE
    _printf_d                                0x00000000   Number         0  stubs.o ABSOLUTE
    _printf_e                                0x00000000   Number         0  stubs.o ABSOLUTE
    _printf_f                                0x00000000   Number         0  stubs.o ABSOLUTE
    _printf_flags                            0x00000000   Number         0  stubs.o ABSOLUTE
    _printf_fp_dec                           0x00000000   Number         0  stubs.o ABSOLUTE
    _printf_fp_hex                           0x00000000   Number         0  stubs.o ABSOLUTE
    _printf_g                                0x00000000   Number         0  stubs.o ABSOLUTE
    _printf_i                                0x00000000   Number         0  stubs.o ABSOLUTE
    _printf_int_dec                          0x00000000   Number         0  stubs.o ABSOLUTE
    _printf_l                                0x00000000   Number         0  stubs.o ABSOLUTE
    _printf_lc                               0x00000000   Number         0  stubs.o ABSOLUTE
    _printf_ll                               0x00000000   Number         0  stubs.o ABSOLUTE
    _printf_lld                              0x00000000   Number         0  stubs.o ABSOLUTE
    _printf_lli                              0x00000000   Number         0  stubs.o ABSOLUTE
    _printf_llo                              0x00000000   Number         0  stubs.o ABSOLUTE
    _printf_llu                              0x00000000   Number         0  stubs.o ABSOLUTE
    _printf_llx                              0x00000000   Number         0  stubs.o ABSOLUTE
    _printf_longlong_dec                     0x00000000   Number         0  stubs.o ABSOLUTE
    _printf_longlong_hex                     0x00000000   Number         0  stubs.o ABSOLUTE
    _printf_longlong_oct                     0x00000000   Number         0  stubs.o ABSOLUTE
    _printf_ls                               0x00000000   Number         0  stubs.o ABSOLUTE
    _printf_mbtowc                           0x00000000   Number         0  stubs.o ABSOLUTE
    _printf_n                                0x00000000   Number         0  stubs.o ABSOLUTE
    _printf_o                                0x00000000   Number         0  stubs.o ABSOLUTE
    _printf_p                                0x00000000   Number         0  stubs.o ABSOLUTE
    _printf_percent                          0x00000000   Number         0  stubs.o ABSOLUTE
    _printf_pre_padding                      0x00000000   Number         0  stubs.o ABSOLUTE
    _printf_return_value                     0x00000000   Number         0  stubs.o ABSOLUTE
    _printf_s                                0x00000000   Number         0  stubs.o ABSOLUTE
    _printf_sizespec                         0x00000000   Number         0  stubs.o ABSOLUTE
    _printf_str                              0x00000000   Number         0  stubs.o ABSOLUTE
    _printf_truncate_signed                  0x00000000   Number         0  stubs.o ABSOLUTE
    _printf_truncate_unsigned                0x00000000   Number         0  stubs.o ABSOLUTE
    _printf_u                                0x00000000   Number         0  stubs.o ABSOLUTE
    _printf_wc                               0x00000000   Number         0  stubs.o ABSOLUTE
    _printf_wctomb                           0x00000000   Number         0  stubs.o ABSOLUTE
    _printf_widthprec                        0x00000000   Number         0  stubs.o ABSOLUTE
    _printf_x                                0x00000000   Number         0  stubs.o ABSOLUTE
    __cpp_initialize__aeabi_                  - Undefined Weak Reference
    __cxa_finalize                            - Undefined Weak Reference
    __decompress                              - Undefined Weak Reference
    _clock_init                               - Undefined Weak Reference
    _microlib_exit                            - Undefined Weak Reference
    __Vectors_Size                           0x00000188   Number         0  startup_stm32f407xx.o ABSOLUTE
    __Vectors                                0x08000000   Data           4  startup_stm32f407xx.o(RESET)
    __Vectors_End                            0x08000188   Data           0  startup_stm32f407xx.o(RESET)
    __main                                   0x08000189   Thumb Code     0  entry.o(.ARM.Collect$$$$00000000)
    _main_stk                                0x08000189   Thumb Code     0  entry2.o(.ARM.Collect$$$$00000001)
    _main_scatterload                        0x0800018d   Thumb Code     0  entry5.o(.ARM.Collect$$$$00000004)
    __main_after_scatterload                 0x08000191   Thumb Code     0  entry5.o(.ARM.Collect$$$$00000004)
    _main_clock                              0x08000191   Thumb Code     0  entry7b.o(.ARM.Collect$$$$00000008)
    _main_cpp_init                           0x08000191   Thumb Code     0  entry8b.o(.ARM.Collect$$$$0000000A)
    _main_init                               0x08000191   Thumb Code     0  entry9a.o(.ARM.Collect$$$$0000000B)
    __rt_final_cpp                           0x08000199   Thumb Code     0  entry10a.o(.ARM.Collect$$$$0000000D)
    __rt_final_exit                          0x08000199   Thumb Code     0  entry11a.o(.ARM.Collect$$$$0000000F)
    Reset_Handler                            0x0800019d   Thumb Code     8  startup_stm32f407xx.o(.text)
    ADC_IRQHandler                           0x080001b7   Thumb Code     0  startup_stm32f407xx.o(.text)
    CAN1_RX0_IRQHandler                      0x080001b7   Thumb Code     0  startup_stm32f407xx.o(.text)
    CAN1_RX1_IRQHandler                      0x080001b7   Thumb Code     0  startup_stm32f407xx.o(.text)
    CAN1_SCE_IRQHandler                      0x080001b7   Thumb Code     0  startup_stm32f407xx.o(.text)
    CAN1_TX_IRQHandler                       0x080001b7   Thumb Code     0  startup_stm32f407xx.o(.text)
    CAN2_RX0_IRQHandler                      0x080001b7   Thumb Code     0  startup_stm32f407xx.o(.text)
    CAN2_RX1_IRQHandler                      0x080001b7   Thumb Code     0  startup_stm32f407xx.o(.text)
    CAN2_SCE_IRQHandler                      0x080001b7   Thumb Code     0  startup_stm32f407xx.o(.text)
    CAN2_TX_IRQHandler                       0x080001b7   Thumb Code     0  startup_stm32f407xx.o(.text)
    DCMI_IRQHandler                          0x080001b7   Thumb Code     0  startup_stm32f407xx.o(.text)
    DMA1_Stream0_IRQHandler                  0x080001b7   Thumb Code     0  startup_stm32f407xx.o(.text)
    DMA1_Stream1_IRQHandler                  0x080001b7   Thumb Code     0  startup_stm32f407xx.o(.text)
    DMA1_Stream2_IRQHandler                  0x080001b7   Thumb Code     0  startup_stm32f407xx.o(.text)
    DMA1_Stream3_IRQHandler                  0x080001b7   Thumb Code     0  startup_stm32f407xx.o(.text)
    DMA1_Stream4_IRQHandler                  0x080001b7   Thumb Code     0  startup_stm32f407xx.o(.text)
    DMA1_Stream5_IRQHandler                  0x080001b7   Thumb Code     0  startup_stm32f407xx.o(.text)
    DMA1_Stream6_IRQHandler                  0x080001b7   Thumb Code     0  startup_stm32f407xx.o(.text)
    DMA1_Stream7_IRQHandler                  0x080001b7   Thumb Code     0  startup_stm32f407xx.o(.text)
    DMA2_Stream0_IRQHandler                  0x080001b7   Thumb Code     0  startup_stm32f407xx.o(.text)
    DMA2_Stream1_IRQHandler                  0x080001b7   Thumb Code     0  startup_stm32f407xx.o(.text)
    DMA2_Stream2_IRQHandler                  0x080001b7   Thumb Code     0  startup_stm32f407xx.o(.text)
    DMA2_Stream3_IRQHandler                  0x080001b7   Thumb Code     0  startup_stm32f407xx.o(.text)
    DMA2_Stream4_IRQHandler                  0x080001b7   Thumb Code     0  startup_stm32f407xx.o(.text)
    DMA2_Stream5_IRQHandler                  0x080001b7   Thumb Code     0  startup_stm32f407xx.o(.text)
    DMA2_Stream6_IRQHandler                  0x080001b7   Thumb Code     0  startup_stm32f407xx.o(.text)
    DMA2_Stream7_IRQHandler                  0x080001b7   Thumb Code     0  startup_stm32f407xx.o(.text)
    ETH_IRQHandler                           0x080001b7   Thumb Code     0  startup_stm32f407xx.o(.text)
    ETH_WKUP_IRQHandler                      0x080001b7   Thumb Code     0  startup_stm32f407xx.o(.text)
    EXTI0_IRQHandler                         0x080001b7   Thumb Code     0  startup_stm32f407xx.o(.text)
    EXTI15_10_IRQHandler                     0x080001b7   Thumb Code     0  startup_stm32f407xx.o(.text)
    EXTI1_IRQHandler                         0x080001b7   Thumb Code     0  startup_stm32f407xx.o(.text)
    EXTI2_IRQHandler                         0x080001b7   Thumb Code     0  startup_stm32f407xx.o(.text)
    EXTI3_IRQHandler                         0x080001b7   Thumb Code     0  startup_stm32f407xx.o(.text)
    EXTI4_IRQHandler                         0x080001b7   Thumb Code     0  startup_stm32f407xx.o(.text)
    EXTI9_5_IRQHandler                       0x080001b7   Thumb Code     0  startup_stm32f407xx.o(.text)
    FLASH_IRQHandler                         0x080001b7   Thumb Code     0  startup_stm32f407xx.o(.text)
    FMC_IRQHandler                           0x080001b7   Thumb Code     0  startup_stm32f407xx.o(.text)
    FPU_IRQHandler                           0x080001b7   Thumb Code     0  startup_stm32f407xx.o(.text)
    HASH_RNG_IRQHandler                      0x080001b7   Thumb Code     0  startup_stm32f407xx.o(.text)
    I2C1_ER_IRQHandler                       0x080001b7   Thumb Code     0  startup_stm32f407xx.o(.text)
    I2C1_EV_IRQHandler                       0x080001b7   Thumb Code     0  startup_stm32f407xx.o(.text)
    I2C2_ER_IRQHandler                       0x080001b7   Thumb Code     0  startup_stm32f407xx.o(.text)
    I2C2_EV_IRQHandler                       0x080001b7   Thumb Code     0  startup_stm32f407xx.o(.text)
    I2C3_ER_IRQHandler                       0x080001b7   Thumb Code     0  startup_stm32f407xx.o(.text)
    I2C3_EV_IRQHandler                       0x080001b7   Thumb Code     0  startup_stm32f407xx.o(.text)
    OTG_FS_IRQHandler                        0x080001b7   Thumb Code     0  startup_stm32f407xx.o(.text)
    OTG_FS_WKUP_IRQHandler                   0x080001b7   Thumb Code     0  startup_stm32f407xx.o(.text)
    OTG_HS_EP1_IN_IRQHandler                 0x080001b7   Thumb Code     0  startup_stm32f407xx.o(.text)
    OTG_HS_EP1_OUT_IRQHandler                0x080001b7   Thumb Code     0  startup_stm32f407xx.o(.text)
    OTG_HS_IRQHandler                        0x080001b7   Thumb Code     0  startup_stm32f407xx.o(.text)
    OTG_HS_WKUP_IRQHandler                   0x080001b7   Thumb Code     0  startup_stm32f407xx.o(.text)
    PVD_IRQHandler                           0x080001b7   Thumb Code     0  startup_stm32f407xx.o(.text)
    RCC_IRQHandler                           0x080001b7   Thumb Code     0  startup_stm32f407xx.o(.text)
    RTC_Alarm_IRQHandler                     0x080001b7   Thumb Code     0  startup_stm32f407xx.o(.text)
    RTC_WKUP_IRQHandler                      0x080001b7   Thumb Code     0  startup_stm32f407xx.o(.text)
    SDIO_IRQHandler                          0x080001b7   Thumb Code     0  startup_stm32f407xx.o(.text)
    SPI1_IRQHandler                          0x080001b7   Thumb Code     0  startup_stm32f407xx.o(.text)
    SPI2_IRQHandler                          0x080001b7   Thumb Code     0  startup_stm32f407xx.o(.text)
    SPI3_IRQHandler                          0x080001b7   Thumb Code     0  startup_stm32f407xx.o(.text)
    TAMP_STAMP_IRQHandler                    0x080001b7   Thumb Code     0  startup_stm32f407xx.o(.text)
    TIM1_BRK_TIM9_IRQHandler                 0x080001b7   Thumb Code     0  startup_stm32f407xx.o(.text)
    TIM1_CC_IRQHandler                       0x080001b7   Thumb Code     0  startup_stm32f407xx.o(.text)
    TIM1_TRG_COM_TIM11_IRQHandler            0x080001b7   Thumb Code     0  startup_stm32f407xx.o(.text)
    TIM1_UP_TIM10_IRQHandler                 0x080001b7   Thumb Code     0  startup_stm32f407xx.o(.text)
    TIM2_IRQHandler                          0x080001b7   Thumb Code     0  startup_stm32f407xx.o(.text)
    TIM3_IRQHandler                          0x080001b7   Thumb Code     0  startup_stm32f407xx.o(.text)
    TIM4_IRQHandler                          0x080001b7   Thumb Code     0  startup_stm32f407xx.o(.text)
    TIM5_IRQHandler                          0x080001b7   Thumb Code     0  startup_stm32f407xx.o(.text)
    TIM6_DAC_IRQHandler                      0x080001b7   Thumb Code     0  startup_stm32f407xx.o(.text)
    TIM7_IRQHandler                          0x080001b7   Thumb Code     0  startup_stm32f407xx.o(.text)
    TIM8_BRK_TIM12_IRQHandler                0x080001b7   Thumb Code     0  startup_stm32f407xx.o(.text)
    TIM8_CC_IRQHandler                       0x080001b7   Thumb Code     0  startup_stm32f407xx.o(.text)
    TIM8_TRG_COM_TIM14_IRQHandler            0x080001b7   Thumb Code     0  startup_stm32f407xx.o(.text)
    TIM8_UP_TIM13_IRQHandler                 0x080001b7   Thumb Code     0  startup_stm32f407xx.o(.text)
    UART4_IRQHandler                         0x080001b7   Thumb Code     0  startup_stm32f407xx.o(.text)
    UART5_IRQHandler                         0x080001b7   Thumb Code     0  startup_stm32f407xx.o(.text)
    USART1_IRQHandler                        0x080001b7   Thumb Code     0  startup_stm32f407xx.o(.text)
    USART2_IRQHandler                        0x080001b7   Thumb Code     0  startup_stm32f407xx.o(.text)
    USART6_IRQHandler                        0x080001b7   Thumb Code     0  startup_stm32f407xx.o(.text)
    WWDG_IRQHandler                          0x080001b7   Thumb Code     0  startup_stm32f407xx.o(.text)
    __aeabi_uldivmod                         0x080001c1   Thumb Code    98  uldiv.o(.text)
    __aeabi_memcpy                           0x08000223   Thumb Code    36  memcpya.o(.text)
    __aeabi_memcpy4                          0x08000223   Thumb Code     0  memcpya.o(.text)
    __aeabi_memcpy8                          0x08000223   Thumb Code     0  memcpya.o(.text)
    __aeabi_memset                           0x08000247   Thumb Code    14  memseta.o(.text)
    __aeabi_memset4                          0x08000247   Thumb Code     0  memseta.o(.text)
    __aeabi_memset8                          0x08000247   Thumb Code     0  memseta.o(.text)
    __aeabi_memclr                           0x08000255   Thumb Code     4  memseta.o(.text)
    __aeabi_memclr4                          0x08000255   Thumb Code     0  memseta.o(.text)
    __aeabi_memclr8                          0x08000255   Thumb Code     0  memseta.o(.text)
    _memset$wrapper                          0x08000259   Thumb Code    18  memseta.o(.text)
    __aeabi_ui2d                             0x0800026b   Thumb Code    26  dfltui.o(.text)
    __aeabi_f2d                              0x08000285   Thumb Code    38  f2d.o(.text)
    __aeabi_uidiv                            0x080002ab   Thumb Code     0  uidiv.o(.text)
    __aeabi_uidivmod                         0x080002ab   Thumb Code    44  uidiv.o(.text)
    __aeabi_llsl                             0x080002d7   Thumb Code    30  llshl.o(.text)
    _ll_shift_l                              0x080002d7   Thumb Code     0  llshl.o(.text)
    __aeabi_llsr                             0x080002f5   Thumb Code    32  llushr.o(.text)
    _ll_ushift_r                             0x080002f5   Thumb Code     0  llushr.o(.text)
    __I$use$fp                               0x08000315   Thumb Code     0  iusefp.o(.text)
    _double_round                            0x08000315   Thumb Code    30  depilogue.o(.text)
    _double_epilogue                         0x08000333   Thumb Code   156  depilogue.o(.text)
    __aeabi_dadd                             0x080003cf   Thumb Code   322  dadd.o(.text)
    __aeabi_dsub                             0x08000511   Thumb Code     6  dadd.o(.text)
    __aeabi_drsub                            0x08000517   Thumb Code     6  dadd.o(.text)
    __aeabi_dmul                             0x0800051d   Thumb Code   228  dmul.o(.text)
    __aeabi_ddiv                             0x08000601   Thumb Code   222  ddiv.o(.text)
    __aeabi_d2ulz                            0x080006df   Thumb Code    48  dfixul.o(.text)
    __aeabi_cdrcmple                         0x08000711   Thumb Code    48  cdrcmple.o(.text)
    __scatterload                            0x08000741   Thumb Code    28  init.o(.text)
    __scatterload_rt2                        0x08000741   Thumb Code     0  init.o(.text)
    __aeabi_lasr                             0x08000765   Thumb Code    36  llsshr.o(.text)
    __semihosting_library_function           0x08000765   Thumb Code     0  semi.o(.text)
    _ll_sshift_r                             0x08000765   Thumb Code     0  llsshr.o(.text)
    BusFault_Handler                         0x08000789   Thumb Code     2  stm32f4xx_it.o(i.BusFault_Handler)
    __I$use$semihosting$fputc                0x08000789   Thumb Code     0  iusesemip.o(.text)
    DebugMon_Handler                         0x0800078b   Thumb Code     2  stm32f4xx_it.o(i.DebugMon_Handler)
    Error_Handler                            0x0800078d   Thumb Code     4  main.o(i.Error_Handler)
    HAL_DMA_Abort_IT                         0x08000791   Thumb Code    36  stm32f4xx_hal_dma.o(i.HAL_DMA_Abort_IT)
    HAL_Delay                                0x080007b5   Thumb Code    32  stm32f4xx_hal.o(i.HAL_Delay)
    HAL_GPIO_Init                            0x080007d9   Thumb Code   450  stm32f4xx_hal_gpio.o(i.HAL_GPIO_Init)
    HAL_GPIO_WritePin                        0x080009c9   Thumb Code    10  stm32f4xx_hal_gpio.o(i.HAL_GPIO_WritePin)
    HAL_GetTick                              0x080009d5   Thumb Code     6  stm32f4xx_hal.o(i.HAL_GetTick)
    HAL_I2C_Init                             0x080009e1   Thumb Code   376  stm32f4xx_hal_i2c.o(i.HAL_I2C_Init)
    HAL_I2C_MspInit                          0x08000b69   Thumb Code   208  i2c.o(i.HAL_I2C_MspInit)
    HAL_IncTick                              0x08000c51   Thumb Code    12  stm32f4xx_hal.o(i.HAL_IncTick)
    HAL_Init                                 0x08000c61   Thumb Code    48  stm32f4xx_hal.o(i.HAL_Init)
    HAL_InitTick                             0x08000c95   Thumb Code    54  stm32f4xx_hal.o(i.HAL_InitTick)
    HAL_MspInit                              0x08000cd5   Thumb Code    42  stm32f4xx_hal_msp.o(i.HAL_MspInit)
    HAL_NVIC_EnableIRQ                       0x08000d05   Thumb Code    26  stm32f4xx_hal_cortex.o(i.HAL_NVIC_EnableIRQ)
    HAL_NVIC_SetPriority                     0x08000d21   Thumb Code    60  stm32f4xx_hal_cortex.o(i.HAL_NVIC_SetPriority)
    HAL_NVIC_SetPriorityGrouping             0x08000d61   Thumb Code    26  stm32f4xx_hal_cortex.o(i.HAL_NVIC_SetPriorityGrouping)
    HAL_RCC_ClockConfig                      0x08000d85   Thumb Code   288  stm32f4xx_hal_rcc.o(i.HAL_RCC_ClockConfig)
    HAL_RCC_GetPCLK1Freq                     0x08000eb9   Thumb Code    20  stm32f4xx_hal_rcc.o(i.HAL_RCC_GetPCLK1Freq)
    HAL_RCC_GetPCLK2Freq                     0x08000ed9   Thumb Code    20  stm32f4xx_hal_rcc.o(i.HAL_RCC_GetPCLK2Freq)
    HAL_RCC_GetSysClockFreq                  0x08000ef9   Thumb Code    88  stm32f4xx_hal_rcc.o(i.HAL_RCC_GetSysClockFreq)
    HAL_RCC_OscConfig                        0x08000f5d   Thumb Code   856  stm32f4xx_hal_rcc.o(i.HAL_RCC_OscConfig)
    HAL_SYSTICK_Config                       0x080012c9   Thumb Code    40  stm32f4xx_hal_cortex.o(i.HAL_SYSTICK_Config)
    HAL_TIMEx_MasterConfigSynchronization    0x080012f1   Thumb Code   116  stm32f4xx_hal_tim_ex.o(i.HAL_TIMEx_MasterConfigSynchronization)
    HAL_TIM_Base_Init                        0x08001381   Thumb Code    90  stm32f4xx_hal_tim.o(i.HAL_TIM_Base_Init)
    HAL_TIM_Base_MspInit                     0x080013dd   Thumb Code    52  tim.o(i.HAL_TIM_Base_MspInit)
    HAL_TIM_Encoder_Init                     0x0800141d   Thumb Code   164  stm32f4xx_hal_tim.o(i.HAL_TIM_Encoder_Init)
    HAL_TIM_Encoder_MspInit                  0x080014c1   Thumb Code   266  tim.o(i.HAL_TIM_Encoder_MspInit)
    HAL_TIM_MspPostInit                      0x080015f1   Thumb Code   216  tim.o(i.HAL_TIM_MspPostInit)
    HAL_TIM_PWM_ConfigChannel                0x080016e9   Thumb Code   204  stm32f4xx_hal_tim.o(i.HAL_TIM_PWM_ConfigChannel)
    HAL_TIM_PWM_Init                         0x080017b5   Thumb Code    90  stm32f4xx_hal_tim.o(i.HAL_TIM_PWM_Init)
    HAL_TIM_PWM_MspInit                      0x08001811   Thumb Code    76  tim.o(i.HAL_TIM_PWM_MspInit)
    HAL_TIM_PWM_Start                        0x08001869   Thumb Code   172  stm32f4xx_hal_tim.o(i.HAL_TIM_PWM_Start)
    HAL_UART_Init                            0x08001931   Thumb Code   100  stm32f4xx_hal_uart.o(i.HAL_UART_Init)
    HAL_UART_MspInit                         0x08001995   Thumb Code    94  usart.o(i.HAL_UART_MspInit)
    HAL_USART_ErrorCallback                  0x08001a01   Thumb Code     2  stm32f4xx_hal_usart.o(i.HAL_USART_ErrorCallback)
    HAL_USART_IRQHandler                     0x08001a05   Thumb Code   394  stm32f4xx_hal_usart.o(i.HAL_USART_IRQHandler)
    HAL_USART_Init                           0x08001b95   Thumb Code    84  stm32f4xx_hal_usart.o(i.HAL_USART_Init)
    HAL_USART_MspInit                        0x08001be9   Thumb Code   220  usart.o(i.HAL_USART_MspInit)
    HAL_USART_Receive_IT                     0x08001cd9   Thumb Code    92  stm32f4xx_hal_usart.o(i.HAL_USART_Receive_IT)
    HAL_USART_RxCpltCallback                 0x08001d35   Thumb Code     2  stm32f4xx_hal_usart.o(i.HAL_USART_RxCpltCallback)
    HAL_USART_TxCpltCallback                 0x08001d37   Thumb Code     2  stm32f4xx_hal_usart.o(i.HAL_USART_TxCpltCallback)
    HAL_USART_TxRxCpltCallback               0x08001d39   Thumb Code     2  stm32f4xx_hal_usart.o(i.HAL_USART_TxRxCpltCallback)
    HardFault_Handler                        0x08001d3b   Thumb Code     2  stm32f4xx_it.o(i.HardFault_Handler)
    MX_GPIO_Init                             0x08001d3d   Thumb Code   412  gpio.o(i.MX_GPIO_Init)
    MX_I2C2_Init                             0x08001ef5   Thumb Code    50  i2c.o(i.MX_I2C2_Init)
    MX_I2C3_Init                             0x08001f35   Thumb Code    50  i2c.o(i.MX_I2C3_Init)
    MX_TIM12_Init                            0x08001f75   Thumb Code    98  tim.o(i.MX_TIM12_Init)
    MX_TIM13_Init                            0x08001fe1   Thumb Code    92  tim.o(i.MX_TIM13_Init)
    MX_TIM14_Init                            0x08002045   Thumb Code    92  tim.o(i.MX_TIM14_Init)
    MX_TIM1_Init                             0x080020a9   Thumb Code    98  tim.o(i.MX_TIM1_Init)
    MX_TIM2_Init                             0x08002115   Thumb Code   134  tim.o(i.MX_TIM2_Init)
    MX_TIM3_Init                             0x080021a1   Thumb Code    96  tim.o(i.MX_TIM3_Init)
    MX_TIM4_Init                             0x08002209   Thumb Code    96  tim.o(i.MX_TIM4_Init)
    MX_TIM5_Init                             0x08002271   Thumb Code    94  tim.o(i.MX_TIM5_Init)
    MX_TIM9_Init                             0x080022d9   Thumb Code    98  tim.o(i.MX_TIM9_Init)
    MX_USART1_UART_Init                      0x08002345   Thumb Code    48  usart.o(i.MX_USART1_UART_Init)
    MX_USART3_Init                           0x0800237d   Thumb Code    50  usart.o(i.MX_USART3_Init)
    MX_USART6_Init                           0x080023b9   Thumb Code    50  usart.o(i.MX_USART6_Init)
    MemManage_Handler                        0x080023f5   Thumb Code     2  stm32f4xx_it.o(i.MemManage_Handler)
    NMI_Handler                              0x080023f7   Thumb Code     2  stm32f4xx_it.o(i.NMI_Handler)
    PendSV_Handler                           0x080023f9   Thumb Code     2  stm32f4xx_it.o(i.PendSV_Handler)
    SVC_Handler                              0x080023fb   Thumb Code     2  stm32f4xx_it.o(i.SVC_Handler)
    SysTick_Handler                          0x080023fd   Thumb Code     4  stm32f4xx_it.o(i.SysTick_Handler)
    SystemClock_Config                       0x08002401   Thumb Code   140  main.o(i.SystemClock_Config)
    SystemInit                               0x08002495   Thumb Code    12  system_stm32f4xx.o(i.SystemInit)
    TIM_Base_SetConfig                       0x080024a5   Thumb Code   170  stm32f4xx_hal_tim.o(i.TIM_Base_SetConfig)
    TIM_CCxChannelCmd                        0x0800257d   Thumb Code    26  stm32f4xx_hal_tim.o(i.TIM_CCxChannelCmd)
    TIM_OC2_SetConfig                        0x080025f9   Thumb Code    98  stm32f4xx_hal_tim.o(i.TIM_OC2_SetConfig)
    USART3_IRQHandler                        0x08002829   Thumb Code     6  stm32f4xx_it.o(i.USART3_IRQHandler)
    UsageFault_Handler                       0x08002a9b   Thumb Code     2  stm32f4xx_it.o(i.UsageFault_Handler)
    __0printf                                0x08002a9d   Thumb Code    22  printfa.o(i.__0printf)
    __1printf                                0x08002a9d   Thumb Code     0  printfa.o(i.__0printf)
    __2printf                                0x08002a9d   Thumb Code     0  printfa.o(i.__0printf)
    __c89printf                              0x08002a9d   Thumb Code     0  printfa.o(i.__0printf)
    printf                                   0x08002a9d   Thumb Code     0  printfa.o(i.__0printf)
    __scatterload_copy                       0x08002add   Thumb Code    14  handlers.o(i.__scatterload_copy)
    __scatterload_null                       0x08002aeb   Thumb Code     2  handlers.o(i.__scatterload_null)
    __scatterload_zeroinit                   0x08002aed   Thumb Code    14  handlers.o(i.__scatterload_zeroinit)
    fputc                                    0x080033af   Thumb Code    18  fputc.o(i.fputc)
    get_data                                 0x080033c1   Thumb Code   272  mpu.o(i.get_data)
    main                                     0x08003541   Thumb Code   104  main.o(i.main)
    motor_init                               0x080035b5   Thumb Code   132  motor.o(i.motor_init)
    servo_init                               0x08003651   Thumb Code    46  servo.o(i.servo_init)
    AHBPrescTable                            0x0800368c   Data          16  system_stm32f4xx.o(.constdata)
    APBPrescTable                            0x0800369c   Data           8  system_stm32f4xx.o(.constdata)
    Region$$Table$$Base                      0x080036a4   Number         0  anon$$obj.o(Region$$Table)
    Region$$Table$$Limit                     0x080036c4   Number         0  anon$$obj.o(Region$$Table)
    uwTickFreq                               0x20000000   Data           1  stm32f4xx_hal.o(.data)
    uwTickPrio                               0x20000004   Data           4  stm32f4xx_hal.o(.data)
    uwTick                                   0x20000008   Data           4  stm32f4xx_hal.o(.data)
    SystemCoreClock                          0x2000000c   Data           4  system_stm32f4xx.o(.data)
    Receive_ok                               0x20000010   Data           1  mpu.o(.data)
    __stdout                                 0x20000014   Data           4  stdout.o(.data)
    hi2c2                                    0x20000018   Data          84  i2c.o(.bss)
    hi2c3                                    0x2000006c   Data          84  i2c.o(.bss)
    htim1                                    0x200000c0   Data          72  tim.o(.bss)
    htim2                                    0x20000108   Data          72  tim.o(.bss)
    htim3                                    0x20000150   Data          72  tim.o(.bss)
    htim4                                    0x20000198   Data          72  tim.o(.bss)
    htim5                                    0x200001e0   Data          72  tim.o(.bss)
    htim9                                    0x20000228   Data          72  tim.o(.bss)
    htim12                                   0x20000270   Data          72  tim.o(.bss)
    htim13                                   0x200002b8   Data          72  tim.o(.bss)
    htim14                                   0x20000300   Data          72  tim.o(.bss)
    huart1                                   0x20000348   Data          72  usart.o(.bss)
    husart3                                  0x20000390   Data          68  usart.o(.bss)
    husart6                                  0x200003d4   Data          68  usart.o(.bss)
    usart_rx_data                            0x20000418   Data          30  mpu.o(.bss)
    my_95Q                                   0x20000436   Data          21  mpu.o(.bss)
    __initial_sp                             0x20000850   Data           0  startup_stm32f407xx.o(STACK)



==============================================================================

Memory Map of the image

  Image Entry point : 0x08000189

  Load Region LR_IROM1 (Base: 0x08000000, Size: 0x000036dc, Max: 0x00080000, ABSOLUTE)

    Execution Region ER_IROM1 (Exec base: 0x08000000, Load base: 0x08000000, Size: 0x000036c4, Max: 0x00080000, ABSOLUTE)

    Exec Addr    Load Addr    Size         Type   Attr      Idx    E Section Name        Object

    0x08000000   0x08000000   0x00000188   Data   RO            3    RESET               startup_stm32f407xx.o
    0x08000188   0x08000188   0x00000000   Code   RO         4028  * .ARM.Collect$$$$00000000  mc_w.l(entry.o)
    0x08000188   0x08000188   0x00000004   Code   RO         4304    .ARM.Collect$$$$00000001  mc_w.l(entry2.o)
    0x0800018c   0x0800018c   0x00000004   Code   RO         4307    .ARM.Collect$$$$00000004  mc_w.l(entry5.o)
    0x08000190   0x08000190   0x00000000   Code   RO         4309    .ARM.Collect$$$$00000008  mc_w.l(entry7b.o)
    0x08000190   0x08000190   0x00000000   Code   RO         4311    .ARM.Collect$$$$0000000A  mc_w.l(entry8b.o)
    0x08000190   0x08000190   0x00000008   Code   RO         4312    .ARM.Collect$$$$0000000B  mc_w.l(entry9a.o)
    0x08000198   0x08000198   0x00000000   Code   RO         4314    .ARM.Collect$$$$0000000D  mc_w.l(entry10a.o)
    0x08000198   0x08000198   0x00000000   Code   RO         4316    .ARM.Collect$$$$0000000F  mc_w.l(entry11a.o)
    0x08000198   0x08000198   0x00000004   Code   RO         4305    .ARM.Collect$$$$00002712  mc_w.l(entry2.o)
    0x0800019c   0x0800019c   0x00000024   Code   RO            4    .text               startup_stm32f407xx.o
    0x080001c0   0x080001c0   0x00000062   Code   RO         4031    .text               mc_w.l(uldiv.o)
    0x08000222   0x08000222   0x00000024   Code   RO         4033    .text               mc_w.l(memcpya.o)
    0x08000246   0x08000246   0x00000024   Code   RO         4035    .text               mc_w.l(memseta.o)
    0x0800026a   0x0800026a   0x0000001a   Code   RO         4300    .text               mf_w.l(dfltui.o)
    0x08000284   0x08000284   0x00000026   Code   RO         4302    .text               mf_w.l(f2d.o)
    0x080002aa   0x080002aa   0x0000002c   Code   RO         4321    .text               mc_w.l(uidiv.o)
    0x080002d6   0x080002d6   0x0000001e   Code   RO         4323    .text               mc_w.l(llshl.o)
    0x080002f4   0x080002f4   0x00000020   Code   RO         4325    .text               mc_w.l(llushr.o)
    0x08000314   0x08000314   0x00000000   Code   RO         4327    .text               mc_w.l(iusefp.o)
    0x08000314   0x08000314   0x000000ba   Code   RO         4328    .text               mf_w.l(depilogue.o)
    0x080003ce   0x080003ce   0x0000014e   Code   RO         4330    .text               mf_w.l(dadd.o)
    0x0800051c   0x0800051c   0x000000e4   Code   RO         4332    .text               mf_w.l(dmul.o)
    0x08000600   0x08000600   0x000000de   Code   RO         4334    .text               mf_w.l(ddiv.o)
    0x080006de   0x080006de   0x00000030   Code   RO         4336    .text               mf_w.l(dfixul.o)
    0x0800070e   0x0800070e   0x00000002   PAD
    0x08000710   0x08000710   0x00000030   Code   RO         4338    .text               mf_w.l(cdrcmple.o)
    0x08000740   0x08000740   0x00000024   Code   RO         4340    .text               mc_w.l(init.o)
    0x08000764   0x08000764   0x00000000   Code   RO         4342    .text               mc_w.l(semi.o)
    0x08000764   0x08000764   0x00000024   Code   RO         4343    .text               mc_w.l(llsshr.o)
    0x08000788   0x08000788   0x00000000   Code   RO         4345    .text               mc_w.l(iusesemip.o)
    0x08000788   0x08000788   0x00000002   Code   RO          462    i.BusFault_Handler  stm32f4xx_it.o
    0x0800078a   0x0800078a   0x00000002   Code   RO          463    i.DebugMon_Handler  stm32f4xx_it.o
    0x0800078c   0x0800078c   0x00000004   Code   RO           13    i.Error_Handler     main.o
    0x08000790   0x08000790   0x00000024   Code   RO         1486    i.HAL_DMA_Abort_IT  stm32f4xx_hal_dma.o
    0x080007b4   0x080007b4   0x00000024   Code   RO         1922    i.HAL_Delay         stm32f4xx_hal.o
    0x080007d8   0x080007d8   0x000001f0   Code   RO         1378    i.HAL_GPIO_Init     stm32f4xx_hal_gpio.o
    0x080009c8   0x080009c8   0x0000000a   Code   RO         1382    i.HAL_GPIO_WritePin  stm32f4xx_hal_gpio.o
    0x080009d2   0x080009d2   0x00000002   PAD
    0x080009d4   0x080009d4   0x0000000c   Code   RO         1928    i.HAL_GetTick       stm32f4xx_hal.o
    0x080009e0   0x080009e0   0x00000188   Code   RO          579    i.HAL_I2C_Init      stm32f4xx_hal_i2c.o
    0x08000b68   0x08000b68   0x000000e8   Code   RO          229    i.HAL_I2C_MspInit   i2c.o
    0x08000c50   0x08000c50   0x00000010   Code   RO         1934    i.HAL_IncTick       stm32f4xx_hal.o
    0x08000c60   0x08000c60   0x00000034   Code   RO         1935    i.HAL_Init          stm32f4xx_hal.o
    0x08000c94   0x08000c94   0x00000040   Code   RO         1936    i.HAL_InitTick      stm32f4xx_hal.o
    0x08000cd4   0x08000cd4   0x00000030   Code   RO          544    i.HAL_MspInit       stm32f4xx_hal_msp.o
    0x08000d04   0x08000d04   0x0000001a   Code   RO         1770    i.HAL_NVIC_EnableIRQ  stm32f4xx_hal_cortex.o
    0x08000d1e   0x08000d1e   0x00000002   PAD
    0x08000d20   0x08000d20   0x00000040   Code   RO         1776    i.HAL_NVIC_SetPriority  stm32f4xx_hal_cortex.o
    0x08000d60   0x08000d60   0x00000024   Code   RO         1777    i.HAL_NVIC_SetPriorityGrouping  stm32f4xx_hal_cortex.o
    0x08000d84   0x08000d84   0x00000134   Code   RO         1024    i.HAL_RCC_ClockConfig  stm32f4xx_hal_rcc.o
    0x08000eb8   0x08000eb8   0x00000020   Code   RO         1031    i.HAL_RCC_GetPCLK1Freq  stm32f4xx_hal_rcc.o
    0x08000ed8   0x08000ed8   0x00000020   Code   RO         1032    i.HAL_RCC_GetPCLK2Freq  stm32f4xx_hal_rcc.o
    0x08000ef8   0x08000ef8   0x00000064   Code   RO         1033    i.HAL_RCC_GetSysClockFreq  stm32f4xx_hal_rcc.o
    0x08000f5c   0x08000f5c   0x0000036c   Code   RO         1036    i.HAL_RCC_OscConfig  stm32f4xx_hal_rcc.o
    0x080012c8   0x080012c8   0x00000028   Code   RO         1781    i.HAL_SYSTICK_Config  stm32f4xx_hal_cortex.o
    0x080012f0   0x080012f0   0x00000090   Code   RO         2898    i.HAL_TIMEx_MasterConfigSynchronization  stm32f4xx_hal_tim_ex.o
    0x08001380   0x08001380   0x0000005a   Code   RO         2175    i.HAL_TIM_Base_Init  stm32f4xx_hal_tim.o
    0x080013da   0x080013da   0x00000002   PAD
    0x080013dc   0x080013dc   0x00000040   Code   RO          277    i.HAL_TIM_Base_MspInit  tim.o
    0x0800141c   0x0800141c   0x000000a4   Code   RO         2196    i.HAL_TIM_Encoder_Init  stm32f4xx_hal_tim.o
    0x080014c0   0x080014c0   0x00000130   Code   RO          279    i.HAL_TIM_Encoder_MspInit  tim.o
    0x080015f0   0x080015f0   0x000000f8   Code   RO          280    i.HAL_TIM_MspPostInit  tim.o
    0x080016e8   0x080016e8   0x000000cc   Code   RO         2247    i.HAL_TIM_PWM_ConfigChannel  stm32f4xx_hal_tim.o
    0x080017b4   0x080017b4   0x0000005a   Code   RO         2250    i.HAL_TIM_PWM_Init  stm32f4xx_hal_tim.o
    0x0800180e   0x0800180e   0x00000002   PAD
    0x08001810   0x08001810   0x00000058   Code   RO          282    i.HAL_TIM_PWM_MspInit  tim.o
    0x08001868   0x08001868   0x000000c8   Code   RO         2255    i.HAL_TIM_PWM_Start  stm32f4xx_hal_tim.o
    0x08001930   0x08001930   0x00000064   Code   RO         3176    i.HAL_UART_Init     stm32f4xx_hal_uart.o
    0x08001994   0x08001994   0x0000006c   Code   RO          397    i.HAL_UART_MspInit  usart.o
    0x08001a00   0x08001a00   0x00000002   Code   RO         3516    i.HAL_USART_ErrorCallback  stm32f4xx_hal_usart.o
    0x08001a02   0x08001a02   0x00000002   PAD
    0x08001a04   0x08001a04   0x00000190   Code   RO         3519    i.HAL_USART_IRQHandler  stm32f4xx_hal_usart.o
    0x08001b94   0x08001b94   0x00000054   Code   RO         3520    i.HAL_USART_Init    stm32f4xx_hal_usart.o
    0x08001be8   0x08001be8   0x000000f0   Code   RO          399    i.HAL_USART_MspInit  usart.o
    0x08001cd8   0x08001cd8   0x0000005c   Code   RO         3525    i.HAL_USART_Receive_IT  stm32f4xx_hal_usart.o
    0x08001d34   0x08001d34   0x00000002   Code   RO         3526    i.HAL_USART_RxCpltCallback  stm32f4xx_hal_usart.o
    0x08001d36   0x08001d36   0x00000002   Code   RO         3534    i.HAL_USART_TxCpltCallback  stm32f4xx_hal_usart.o
    0x08001d38   0x08001d38   0x00000002   Code   RO         3536    i.HAL_USART_TxRxCpltCallback  stm32f4xx_hal_usart.o
    0x08001d3a   0x08001d3a   0x00000002   Code   RO          464    i.HardFault_Handler  stm32f4xx_it.o
    0x08001d3c   0x08001d3c   0x000001b8   Code   RO          204    i.MX_GPIO_Init      gpio.o
    0x08001ef4   0x08001ef4   0x00000040   Code   RO          230    i.MX_I2C2_Init      i2c.o
    0x08001f34   0x08001f34   0x00000040   Code   RO          231    i.MX_I2C3_Init      i2c.o
    0x08001f74   0x08001f74   0x0000006c   Code   RO          283    i.MX_TIM12_Init     tim.o
    0x08001fe0   0x08001fe0   0x00000064   Code   RO          284    i.MX_TIM13_Init     tim.o
    0x08002044   0x08002044   0x00000064   Code   RO          285    i.MX_TIM14_Init     tim.o
    0x080020a8   0x080020a8   0x0000006c   Code   RO          286    i.MX_TIM1_Init      tim.o
    0x08002114   0x08002114   0x0000008c   Code   RO          287    i.MX_TIM2_Init      tim.o
    0x080021a0   0x080021a0   0x00000068   Code   RO          288    i.MX_TIM3_Init      tim.o
    0x08002208   0x08002208   0x00000068   Code   RO          289    i.MX_TIM4_Init      tim.o
    0x08002270   0x08002270   0x00000068   Code   RO          290    i.MX_TIM5_Init      tim.o
    0x080022d8   0x080022d8   0x0000006c   Code   RO          291    i.MX_TIM9_Init      tim.o
    0x08002344   0x08002344   0x00000038   Code   RO          400    i.MX_USART1_UART_Init  usart.o
    0x0800237c   0x0800237c   0x0000003c   Code   RO          401    i.MX_USART3_Init    usart.o
    0x080023b8   0x080023b8   0x0000003c   Code   RO          402    i.MX_USART6_Init    usart.o
    0x080023f4   0x080023f4   0x00000002   Code   RO          465    i.MemManage_Handler  stm32f4xx_it.o
    0x080023f6   0x080023f6   0x00000002   Code   RO          466    i.NMI_Handler       stm32f4xx_it.o
    0x080023f8   0x080023f8   0x00000002   Code   RO          467    i.PendSV_Handler    stm32f4xx_it.o
    0x080023fa   0x080023fa   0x00000002   Code   RO          468    i.SVC_Handler       stm32f4xx_it.o
    0x080023fc   0x080023fc   0x00000004   Code   RO          469    i.SysTick_Handler   stm32f4xx_it.o
    0x08002400   0x08002400   0x00000094   Code   RO           15    i.SystemClock_Config  main.o
    0x08002494   0x08002494   0x00000010   Code   RO         3766    i.SystemInit        system_stm32f4xx.o
    0x080024a4   0x080024a4   0x000000d8   Code   RO         2268    i.TIM_Base_SetConfig  stm32f4xx_hal_tim.o
    0x0800257c   0x0800257c   0x0000001a   Code   RO         2269    i.TIM_CCxChannelCmd  stm32f4xx_hal_tim.o
    0x08002596   0x08002596   0x00000002   PAD
    0x08002598   0x08002598   0x00000060   Code   RO         2281    i.TIM_OC1_SetConfig  stm32f4xx_hal_tim.o
    0x080025f8   0x080025f8   0x0000006c   Code   RO         2282    i.TIM_OC2_SetConfig  stm32f4xx_hal_tim.o
    0x08002664   0x08002664   0x00000068   Code   RO         2283    i.TIM_OC3_SetConfig  stm32f4xx_hal_tim.o
    0x080026cc   0x080026cc   0x00000050   Code   RO         2284    i.TIM_OC4_SetConfig  stm32f4xx_hal_tim.o
    0x0800271c   0x0800271c   0x0000010c   Code   RO         3201    i.UART_SetConfig    stm32f4xx_hal_uart.o
    0x08002828   0x08002828   0x0000000c   Code   RO          470    i.USART3_IRQHandler  stm32f4xx_it.o
    0x08002834   0x08002834   0x00000010   Code   RO         3537    i.USART_DMAAbortOnError  stm32f4xx_hal_usart.o
    0x08002844   0x08002844   0x0000001c   Code   RO         3545    i.USART_EndRxTransfer  stm32f4xx_hal_usart.o
    0x08002860   0x08002860   0x00000090   Code   RO         3547    i.USART_Receive_IT  stm32f4xx_hal_usart.o
    0x080028f0   0x080028f0   0x000000d4   Code   RO         3548    i.USART_SetConfig   stm32f4xx_hal_usart.o
    0x080029c4   0x080029c4   0x000000d6   Code   RO         3549    i.USART_TransmitReceive_IT  stm32f4xx_hal_usart.o
    0x08002a9a   0x08002a9a   0x00000002   Code   RO          471    i.UsageFault_Handler  stm32f4xx_it.o
    0x08002a9c   0x08002a9c   0x00000020   Code   RO         4272    i.__0printf         mc_w.l(printfa.o)
    0x08002abc   0x08002abc   0x00000020   Code   RO         1783    i.__NVIC_SetPriority  stm32f4xx_hal_cortex.o
    0x08002adc   0x08002adc   0x0000000e   Code   RO         4348    i.__scatterload_copy  mc_w.l(handlers.o)
    0x08002aea   0x08002aea   0x00000002   Code   RO         4349    i.__scatterload_null  mc_w.l(handlers.o)
    0x08002aec   0x08002aec   0x0000000e   Code   RO         4350    i.__scatterload_zeroinit  mc_w.l(handlers.o)
    0x08002afa   0x08002afa   0x00000002   PAD
    0x08002afc   0x08002afc   0x00000184   Code   RO         4279    i._fp_digits        mc_w.l(printfa.o)
    0x08002c80   0x08002c80   0x000006dc   Code   RO         4280    i._printf_core      mc_w.l(printfa.o)
    0x0800335c   0x0800335c   0x00000024   Code   RO         4281    i._printf_post_padding  mc_w.l(printfa.o)
    0x08003380   0x08003380   0x0000002e   Code   RO         4282    i._printf_pre_padding  mc_w.l(printfa.o)
    0x080033ae   0x080033ae   0x00000012   Code   RO         4318    i.fputc             mc_w.l(fputc.o)
    0x080033c0   0x080033c0   0x00000180   Code   RO         3898    i.get_data          mpu.o
    0x08003540   0x08003540   0x00000074   Code   RO           17    i.main              main.o
    0x080035b4   0x080035b4   0x0000009c   Code   RO         3804    i.motor_init        motor.o
    0x08003650   0x08003650   0x0000003c   Code   RO         3851    i.servo_init        servo.o
    0x0800368c   0x0800368c   0x00000010   Data   RO         3767    .constdata          system_stm32f4xx.o
    0x0800369c   0x0800369c   0x00000008   Data   RO         3768    .constdata          system_stm32f4xx.o
    0x080036a4   0x080036a4   0x00000020   Data   RO         4346    Region$$Table       anon$$obj.o


    Execution Region RW_IRAM1 (Exec base: 0x20000000, Load base: 0x080036c4, Size: 0x00000850, Max: 0x0001c000, ABSOLUTE)

    Exec Addr    Load Addr    Size         Type   Attr      Idx    E Section Name        Object

    0x20000000   0x080036c4   0x0000000c   Data   RW         1942    .data               stm32f4xx_hal.o
    0x2000000c   0x080036d0   0x00000004   Data   RW         3769    .data               system_stm32f4xx.o
    0x20000010   0x080036d4   0x00000001   Data   RW         3902    .data               mpu.o
    0x20000011   0x080036d5   0x00000003   PAD
    0x20000014   0x080036d8   0x00000004   Data   RW         4320    .data               mc_w.l(stdout.o)
    0x20000018        -       0x000000a8   Zero   RW          232    .bss                i2c.o
    0x200000c0        -       0x00000288   Zero   RW          292    .bss                tim.o
    0x20000348        -       0x000000d0   Zero   RW          403    .bss                usart.o
    0x20000418        -       0x0000001e   Zero   RW         3900    .bss                mpu.o
    0x20000436        -       0x00000015   Zero   RW         3901    .bss                mpu.o
    0x2000044b   0x080036dc   0x00000005   PAD
    0x20000450        -       0x00000400   Zero   RW            1    STACK               startup_stm32f407xx.o


    Execution Region RW_IRAM2 (Exec base: 0x2001c000, Load base: 0x080036dc, Size: 0x00000000, Max: 0x00004000, ABSOLUTE)

    **** No section assigned to this execution region ****


==============================================================================

Image component sizes


      Code (inc. data)   RO Data    RW Data    ZI Data      Debug   Object Name

       440         28          0          0          0       1167   gpio.o
       360         52          0          0        168       2302   i2c.o
       268         20          0          0          0     708132   main.o
       156         24          0          0          0        521   motor.o
       384        112          0          1         51       1855   mpu.o
        60         14          0          0          0        477   servo.o
        36          8        392          0       1024        812   startup_stm32f407xx.o
       180         28          0         12          0       9229   stm32f4xx_hal.o
       198         14          0          0          0      33687   stm32f4xx_hal_cortex.o
        36          0          0          0          0       1167   stm32f4xx_hal_dma.o
       506         46          0          0          0       2128   stm32f4xx_hal_gpio.o
       392         16          0          0          0       3179   stm32f4xx_hal_i2c.o
        48          6          0          0          0        814   stm32f4xx_hal_msp.o
      1348         76          0          0          0       5108   stm32f4xx_hal_rcc.o
      1378        110          0          0          0       9797   stm32f4xx_hal_tim.o
       144         28          0          0          0       1332   stm32f4xx_hal_tim_ex.o
       368         10          0          0          0       1976   stm32f4xx_hal_uart.o
      1198         14          0          0          0       9216   stm32f4xx_hal_usart.o
        32          6          0          0          0       4418   stm32f4xx_it.o
        16          4         24          4          0       1063   system_stm32f4xx.o
      1680        172          0          0        648       9050   tim.o
       524         62          0          0        208       3624   usart.o

    ----------------------------------------------------------------------
      9764        850        448         20       2104     811054   Object Totals
         0          0         32          0          0          0   (incl. Generated)
        12          0          0          3          5          0   (incl. Padding)

    ----------------------------------------------------------------------

      Code (inc. data)   RO Data    RW Data    ZI Data      Debug   Library Member Name

         0          0          0          0          0          0   entry.o
         0          0          0          0          0          0   entry10a.o
         0          0          0          0          0          0   entry11a.o
         8          4          0          0          0          0   entry2.o
         4          0          0          0          0          0   entry5.o
         0          0          0          0          0          0   entry7b.o
         0          0          0          0          0          0   entry8b.o
         8          4          0          0          0          0   entry9a.o
        18          0          0          0          0         80   fputc.o
        30          0          0          0          0          0   handlers.o
        36          8          0          0          0         68   init.o
         0          0          0          0          0          0   iusefp.o
         0          0          0          0          0          0   iusesemip.o
        30          0          0          0          0         68   llshl.o
        36          0          0          0          0         68   llsshr.o
        32          0          0          0          0         68   llushr.o
        36          0          0          0          0         68   memcpya.o
        36          0          0          0          0        108   memseta.o
      2258         90          0          0          0        452   printfa.o
         0          0          0          0          0          0   semi.o
         0          0          0          4          0          0   stdout.o
        44          0          0          0          0         80   uidiv.o
        98          0          0          0          0         92   uldiv.o
        48          0          0          0          0         68   cdrcmple.o
       334          0          0          0          0        148   dadd.o
       222          0          0          0          0        100   ddiv.o
       186          0          0          0          0        176   depilogue.o
        48          0          0          0          0         68   dfixul.o
        26          0          0          0          0         76   dfltui.o
       228          0          0          0          0         96   dmul.o
        38          0          0          0          0         68   f2d.o

    ----------------------------------------------------------------------
      3808        106          0          4          0       1952   Library Totals
         4          0          0          0          0          0   (incl. Padding)

    ----------------------------------------------------------------------

      Code (inc. data)   RO Data    RW Data    ZI Data      Debug   Library Name

      2674        106          0          4          0       1152   mc_w.l
      1130          0          0          0          0        800   mf_w.l

    ----------------------------------------------------------------------
      3808        106          0          4          0       1952   Library Totals

    ----------------------------------------------------------------------

==============================================================================


      Code (inc. data)   RO Data    RW Data    ZI Data      Debug   

     13572        956        448         24       2104     804422   Grand Totals
     13572        956        448         24       2104     804422   ELF Image Totals
     13572        956        448         24          0          0   ROM Totals

==============================================================================

    Total RO  Size (Code + RO Data)                14020 (  13.69kB)
    Total RW  Size (RW Data + ZI Data)              2128 (   2.08kB)
    Total ROM Size (Code + RO Data + RW Data)      14044 (  13.71kB)

==============================================================================

